Component: ARM Compiler 5.06 update 7 (build 960) Tool: armlink [4d3601]

==============================================================================

Section Cross References

    startup_stm32f103x6.o(RESET) refers to startup_stm32f103x6.o(STACK) for __initial_sp
    startup_stm32f103x6.o(RESET) refers to startup_stm32f103x6.o(.text) for Reset_Handler
    startup_stm32f103x6.o(RESET) refers to stm32f1xx_it.o(i.NMI_Handler) for NMI_Handler
    startup_stm32f103x6.o(RESET) refers to stm32f1xx_it.o(i.HardFault_Handler) for HardFault_Handler
    startup_stm32f103x6.o(RESET) refers to stm32f1xx_it.o(i.MemManage_Handler) for MemManage_Handler
    startup_stm32f103x6.o(RESET) refers to stm32f1xx_it.o(i.BusFault_Handler) for BusFault_Handler
    startup_stm32f103x6.o(RESET) refers to stm32f1xx_it.o(i.UsageFault_Handler) for UsageFault_Handler
    startup_stm32f103x6.o(RESET) refers to stm32f1xx_it.o(i.SVC_Handler) for SVC_Handler
    startup_stm32f103x6.o(RESET) refers to stm32f1xx_it.o(i.DebugMon_Handler) for DebugMon_Handler
    startup_stm32f103x6.o(RESET) refers to stm32f1xx_it.o(i.PendSV_Handler) for PendSV_Handler
    startup_stm32f103x6.o(RESET) refers to stm32f1xx_it.o(i.SysTick_Handler) for SysTick_Handler
    startup_stm32f103x6.o(RESET) refers to stm32f1xx_it.o(i.EXTI15_10_IRQHandler) for EXTI15_10_IRQHandler
    startup_stm32f103x6.o(.text) refers to system_stm32f1xx.o(i.SystemInit) for SystemInit
    startup_stm32f103x6.o(.text) refers to entry.o(.ARM.Collect$$$$00000000) for __main
    lcd16x2.o(i.DWT_Delay_us) refers to stm32f1xx_hal_rcc.o(i.HAL_RCC_GetHCLKFreq) for HAL_RCC_GetHCLKFreq
    lcd16x2.o(i.lcd16x2_1stLine) refers to lcd16x2.o(i.lcd16x2_setCursor) for lcd16x2_setCursor
    lcd16x2.o(i.lcd16x2_2ndLine) refers to lcd16x2.o(i.lcd16x2_setCursor) for lcd16x2_setCursor
    lcd16x2.o(i.lcd16x2_clear) refers to lcd16x2.o(i.lcd16x2_writeCommand) for lcd16x2_writeCommand
    lcd16x2.o(i.lcd16x2_clear) refers to stm32f1xx_hal.o(i.HAL_Delay) for HAL_Delay
    lcd16x2.o(i.lcd16x2_cursorShow) refers to lcd16x2.o(i.lcd16x2_writeCommand) for lcd16x2_writeCommand
    lcd16x2.o(i.lcd16x2_cursorShow) refers to lcd16x2.o(.data) for .data
    lcd16x2.o(i.lcd16x2_display) refers to lcd16x2.o(i.lcd16x2_writeCommand) for lcd16x2_writeCommand
    lcd16x2.o(i.lcd16x2_display) refers to lcd16x2.o(.data) for .data
    lcd16x2.o(i.lcd16x2_enablePulse) refers to stm32f1xx_hal_gpio.o(i.HAL_GPIO_WritePin) for HAL_GPIO_WritePin
    lcd16x2.o(i.lcd16x2_enablePulse) refers to lcd16x2.o(i.DWT_Delay_us) for DWT_Delay_us
    lcd16x2.o(i.lcd16x2_enablePulse) refers to lcd16x2.o(.data) for .data
    lcd16x2.o(i.lcd16x2_init_4bits) refers to lcd16x2.o(i.DWT_Delay_Init) for DWT_Delay_Init
    lcd16x2.o(i.lcd16x2_init_4bits) refers to stm32f1xx_hal.o(i.HAL_Delay) for HAL_Delay
    lcd16x2.o(i.lcd16x2_init_4bits) refers to lcd16x2.o(i.lcd16x2_write4) for lcd16x2_write4
    lcd16x2.o(i.lcd16x2_init_4bits) refers to lcd16x2.o(i.lcd16x2_writeCommand) for lcd16x2_writeCommand
    lcd16x2.o(i.lcd16x2_init_4bits) refers to lcd16x2.o(.data) for .data
    lcd16x2.o(i.lcd16x2_init_8bits) refers to lcd16x2.o(i.DWT_Delay_Init) for DWT_Delay_Init
    lcd16x2.o(i.lcd16x2_init_8bits) refers to stm32f1xx_hal.o(i.HAL_Delay) for HAL_Delay
    lcd16x2.o(i.lcd16x2_init_8bits) refers to lcd16x2.o(i.lcd16x2_writeCommand) for lcd16x2_writeCommand
    lcd16x2.o(i.lcd16x2_init_8bits) refers to lcd16x2.o(.data) for .data
    lcd16x2.o(i.lcd16x2_oneLine) refers to lcd16x2.o(i.lcd16x2_writeCommand) for lcd16x2_writeCommand
    lcd16x2.o(i.lcd16x2_oneLine) refers to lcd16x2.o(.data) for .data
    lcd16x2.o(i.lcd16x2_printf) refers to printfa.o(i.__0vsprintf) for vsprintf
    lcd16x2.o(i.lcd16x2_printf) refers to lcd16x2.o(i.lcd16x2_rs) for lcd16x2_rs
    lcd16x2.o(i.lcd16x2_printf) refers to lcd16x2.o(i.lcd16x2_write) for lcd16x2_write
    lcd16x2.o(i.lcd16x2_printf) refers to strlen.o(.text) for strlen
    lcd16x2.o(i.lcd16x2_rs) refers to stm32f1xx_hal_gpio.o(i.HAL_GPIO_WritePin) for HAL_GPIO_WritePin
    lcd16x2.o(i.lcd16x2_rs) refers to lcd16x2.o(.data) for .data
    lcd16x2.o(i.lcd16x2_setCursor) refers to lcd16x2.o(i.lcd16x2_writeCommand) for lcd16x2_writeCommand
    lcd16x2.o(i.lcd16x2_shiftLeft) refers to lcd16x2.o(i.lcd16x2_writeCommand) for lcd16x2_writeCommand
    lcd16x2.o(i.lcd16x2_shiftRight) refers to lcd16x2.o(i.lcd16x2_writeCommand) for lcd16x2_writeCommand
    lcd16x2.o(i.lcd16x2_twoLines) refers to lcd16x2.o(i.lcd16x2_writeCommand) for lcd16x2_writeCommand
    lcd16x2.o(i.lcd16x2_twoLines) refers to lcd16x2.o(.data) for .data
    lcd16x2.o(i.lcd16x2_write) refers to stm32f1xx_hal_gpio.o(i.HAL_GPIO_WritePin) for HAL_GPIO_WritePin
    lcd16x2.o(i.lcd16x2_write) refers to lcd16x2.o(i.lcd16x2_enablePulse) for lcd16x2_enablePulse
    lcd16x2.o(i.lcd16x2_write) refers to lcd16x2.o(.data) for .data
    lcd16x2.o(i.lcd16x2_write4) refers to lcd16x2.o(i.lcd16x2_rs) for lcd16x2_rs
    lcd16x2.o(i.lcd16x2_write4) refers to stm32f1xx_hal_gpio.o(i.HAL_GPIO_WritePin) for HAL_GPIO_WritePin
    lcd16x2.o(i.lcd16x2_write4) refers to lcd16x2.o(i.lcd16x2_enablePulse) for lcd16x2_enablePulse
    lcd16x2.o(i.lcd16x2_write4) refers to lcd16x2.o(.data) for .data
    lcd16x2.o(i.lcd16x2_writeCommand) refers to lcd16x2.o(i.lcd16x2_rs) for lcd16x2_rs
    lcd16x2.o(i.lcd16x2_writeCommand) refers to lcd16x2.o(i.lcd16x2_write) for lcd16x2_write
    main.o(i.HAL_GPIO_EXTI_Callback) refers to stm32f1xx_hal.o(i.HAL_GetTick) for HAL_GetTick
    main.o(i.HAL_GPIO_EXTI_Callback) refers to lcd16x2.o(i.lcd16x2_setCursor) for lcd16x2_setCursor
    main.o(i.HAL_GPIO_EXTI_Callback) refers to lcd16x2.o(i.lcd16x2_printf) for lcd16x2_printf
    main.o(i.HAL_GPIO_EXTI_Callback) refers to stm32f1xx_hal_gpio.o(i.HAL_GPIO_ReadPin) for HAL_GPIO_ReadPin
    main.o(i.HAL_GPIO_EXTI_Callback) refers to main.o(i.readAverage) for readAverage
    main.o(i.HAL_GPIO_EXTI_Callback) refers to main.o(.data) for .data
    main.o(i.MX_GPIO_Init) refers to stm32f1xx_hal_gpio.o(i.HAL_GPIO_WritePin) for HAL_GPIO_WritePin
    main.o(i.MX_GPIO_Init) refers to stm32f1xx_hal_gpio.o(i.HAL_GPIO_Init) for HAL_GPIO_Init
    main.o(i.MX_GPIO_Init) refers to stm32f1xx_hal_cortex.o(i.HAL_NVIC_SetPriority) for HAL_NVIC_SetPriority
    main.o(i.MX_GPIO_Init) refers to stm32f1xx_hal_cortex.o(i.HAL_NVIC_EnableIRQ) for HAL_NVIC_EnableIRQ
    main.o(i.SystemClock_Config) refers to memseta.o(.text) for __aeabi_memclr4
    main.o(i.SystemClock_Config) refers to stm32f1xx_hal_rcc.o(i.HAL_RCC_OscConfig) for HAL_RCC_OscConfig
    main.o(i.SystemClock_Config) refers to stm32f1xx_hal_rcc.o(i.HAL_RCC_ClockConfig) for HAL_RCC_ClockConfig
    main.o(i.main) refers to stm32f1xx_hal.o(i.HAL_Init) for HAL_Init
    main.o(i.main) refers to main.o(i.SystemClock_Config) for SystemClock_Config
    main.o(i.main) refers to main.o(i.MX_GPIO_Init) for MX_GPIO_Init
    main.o(i.main) refers to lcd16x2.o(i.lcd16x2_init_4bits) for lcd16x2_init_4bits
    main.o(i.main) refers to main.o(i.readAverage) for readAverage
    main.o(i.main) refers to cdrcmple.o(.text) for __aeabi_cdrcmple
    main.o(i.main) refers to dadd.o(.text) for __aeabi_dsub
    main.o(i.main) refers to lcd16x2.o(i.lcd16x2_setCursor) for lcd16x2_setCursor
    main.o(i.main) refers to ddiv.o(.text) for __aeabi_ddiv
    main.o(i.main) refers to lcd16x2.o(i.lcd16x2_printf) for lcd16x2_printf
    main.o(i.main) refers to d2f.o(.text) for __aeabi_d2f
    main.o(i.main) refers to fflti.o(.text) for __aeabi_i2f
    main.o(i.main) refers to fadd.o(.text) for __aeabi_frsub
    main.o(i.main) refers to stm32f1xx_hal_gpio.o(i.HAL_GPIO_WritePin) for HAL_GPIO_WritePin
    main.o(i.main) refers to stm32f1xx_hal.o(i.HAL_Delay) for HAL_Delay
    main.o(i.main) refers to main.o(.data) for .data
    main.o(i.readAverage) refers to main.o(i.readCount) for readCount
    main.o(i.readAverage) refers to dfltui.o(.text) for __aeabi_ui2d
    main.o(i.readAverage) refers to dadd.o(.text) for __aeabi_dadd
    main.o(i.readAverage) refers to ddiv.o(.text) for __aeabi_ddiv
    main.o(i.readCount) refers to stm32f1xx_hal_gpio.o(i.HAL_GPIO_WritePin) for HAL_GPIO_WritePin
    main.o(i.readCount) refers to stm32f1xx_hal_gpio.o(i.HAL_GPIO_ReadPin) for HAL_GPIO_ReadPin
    stm32f1xx_it.o(i.EXTI15_10_IRQHandler) refers to stm32f1xx_hal_gpio.o(i.HAL_GPIO_EXTI_IRQHandler) for HAL_GPIO_EXTI_IRQHandler
    stm32f1xx_it.o(i.SysTick_Handler) refers to stm32f1xx_hal.o(i.HAL_IncTick) for HAL_IncTick
    stm32f1xx_hal.o(i.HAL_DeInit) refers to stm32f1xx_hal.o(i.HAL_MspDeInit) for HAL_MspDeInit
    stm32f1xx_hal.o(i.HAL_Delay) refers to stm32f1xx_hal.o(i.HAL_GetTick) for HAL_GetTick
    stm32f1xx_hal.o(i.HAL_Delay) refers to stm32f1xx_hal.o(.data) for .data
    stm32f1xx_hal.o(i.HAL_GetTick) refers to stm32f1xx_hal.o(.data) for .data
    stm32f1xx_hal.o(i.HAL_GetTickFreq) refers to stm32f1xx_hal.o(.data) for .data
    stm32f1xx_hal.o(i.HAL_GetTickPrio) refers to stm32f1xx_hal.o(.data) for .data
    stm32f1xx_hal.o(i.HAL_IncTick) refers to stm32f1xx_hal.o(.data) for .data
    stm32f1xx_hal.o(i.HAL_Init) refers to stm32f1xx_hal_cortex.o(i.HAL_NVIC_SetPriorityGrouping) for HAL_NVIC_SetPriorityGrouping
    stm32f1xx_hal.o(i.HAL_Init) refers to stm32f1xx_hal.o(i.HAL_InitTick) for HAL_InitTick
    stm32f1xx_hal.o(i.HAL_Init) refers to stm32f1xx_hal_msp.o(i.HAL_MspInit) for HAL_MspInit
    stm32f1xx_hal.o(i.HAL_InitTick) refers to stm32f1xx_hal_cortex.o(i.HAL_SYSTICK_Config) for HAL_SYSTICK_Config
    stm32f1xx_hal.o(i.HAL_InitTick) refers to stm32f1xx_hal_cortex.o(i.HAL_NVIC_SetPriority) for HAL_NVIC_SetPriority
    stm32f1xx_hal.o(i.HAL_InitTick) refers to stm32f1xx_hal.o(.data) for .data
    stm32f1xx_hal.o(i.HAL_InitTick) refers to system_stm32f1xx.o(.data) for SystemCoreClock
    stm32f1xx_hal.o(i.HAL_SetTickFreq) refers to stm32f1xx_hal.o(i.HAL_InitTick) for HAL_InitTick
    stm32f1xx_hal.o(i.HAL_SetTickFreq) refers to stm32f1xx_hal.o(.data) for .data
    stm32f1xx_hal_rcc.o(i.HAL_RCC_ClockConfig) refers to stm32f1xx_hal.o(i.HAL_GetTick) for HAL_GetTick
    stm32f1xx_hal_rcc.o(i.HAL_RCC_ClockConfig) refers to stm32f1xx_hal_rcc.o(i.HAL_RCC_GetSysClockFreq) for HAL_RCC_GetSysClockFreq
    stm32f1xx_hal_rcc.o(i.HAL_RCC_ClockConfig) refers to stm32f1xx_hal.o(i.HAL_InitTick) for HAL_InitTick
    stm32f1xx_hal_rcc.o(i.HAL_RCC_ClockConfig) refers to system_stm32f1xx.o(.constdata) for AHBPrescTable
    stm32f1xx_hal_rcc.o(i.HAL_RCC_ClockConfig) refers to system_stm32f1xx.o(.data) for SystemCoreClock
    stm32f1xx_hal_rcc.o(i.HAL_RCC_ClockConfig) refers to stm32f1xx_hal.o(.data) for uwTickPrio
    stm32f1xx_hal_rcc.o(i.HAL_RCC_DeInit) refers to stm32f1xx_hal.o(i.HAL_GetTick) for HAL_GetTick
    stm32f1xx_hal_rcc.o(i.HAL_RCC_DeInit) refers to stm32f1xx_hal.o(i.HAL_InitTick) for HAL_InitTick
    stm32f1xx_hal_rcc.o(i.HAL_RCC_DeInit) refers to system_stm32f1xx.o(.data) for SystemCoreClock
    stm32f1xx_hal_rcc.o(i.HAL_RCC_DeInit) refers to stm32f1xx_hal.o(.data) for uwTickPrio
    stm32f1xx_hal_rcc.o(i.HAL_RCC_GetHCLKFreq) refers to system_stm32f1xx.o(.data) for SystemCoreClock
    stm32f1xx_hal_rcc.o(i.HAL_RCC_GetPCLK1Freq) refers to system_stm32f1xx.o(.data) for SystemCoreClock
    stm32f1xx_hal_rcc.o(i.HAL_RCC_GetPCLK1Freq) refers to system_stm32f1xx.o(.constdata) for APBPrescTable
    stm32f1xx_hal_rcc.o(i.HAL_RCC_GetPCLK2Freq) refers to system_stm32f1xx.o(.data) for SystemCoreClock
    stm32f1xx_hal_rcc.o(i.HAL_RCC_GetPCLK2Freq) refers to system_stm32f1xx.o(.constdata) for APBPrescTable
    stm32f1xx_hal_rcc.o(i.HAL_RCC_MCOConfig) refers to stm32f1xx_hal_gpio.o(i.HAL_GPIO_Init) for HAL_GPIO_Init
    stm32f1xx_hal_rcc.o(i.HAL_RCC_NMI_IRQHandler) refers to stm32f1xx_hal_rcc.o(i.HAL_RCC_CSSCallback) for HAL_RCC_CSSCallback
    stm32f1xx_hal_rcc.o(i.HAL_RCC_OscConfig) refers to stm32f1xx_hal.o(i.HAL_GetTick) for HAL_GetTick
    stm32f1xx_hal_rcc.o(i.HAL_RCC_OscConfig) refers to system_stm32f1xx.o(.data) for SystemCoreClock
    stm32f1xx_hal_rcc_ex.o(i.HAL_RCCEx_GetPeriphCLKFreq) refers to stm32f1xx_hal_rcc.o(i.HAL_RCC_GetPCLK2Freq) for HAL_RCC_GetPCLK2Freq
    stm32f1xx_hal_rcc_ex.o(i.HAL_RCCEx_PeriphCLKConfig) refers to stm32f1xx_hal.o(i.HAL_GetTick) for HAL_GetTick
    stm32f1xx_hal_gpio.o(i.HAL_GPIO_EXTI_IRQHandler) refers to main.o(i.HAL_GPIO_EXTI_Callback) for HAL_GPIO_EXTI_Callback
    stm32f1xx_hal_dma.o(i.HAL_DMA_PollForTransfer) refers to stm32f1xx_hal.o(i.HAL_GetTick) for HAL_GetTick
    stm32f1xx_hal_dma.o(i.HAL_DMA_Start) refers to stm32f1xx_hal_dma.o(i.DMA_SetConfig) for DMA_SetConfig
    stm32f1xx_hal_dma.o(i.HAL_DMA_Start_IT) refers to stm32f1xx_hal_dma.o(i.DMA_SetConfig) for DMA_SetConfig
    stm32f1xx_hal_cortex.o(i.HAL_NVIC_SetPriority) refers to stm32f1xx_hal_cortex.o(i.__NVIC_SetPriority) for __NVIC_SetPriority
    stm32f1xx_hal_cortex.o(i.HAL_SYSTICK_Config) refers to stm32f1xx_hal_cortex.o(i.__NVIC_SetPriority) for __NVIC_SetPriority
    stm32f1xx_hal_cortex.o(i.HAL_SYSTICK_IRQHandler) refers to stm32f1xx_hal_cortex.o(i.HAL_SYSTICK_Callback) for HAL_SYSTICK_Callback
    stm32f1xx_hal_pwr.o(i.HAL_PWR_EnterSTOPMode) refers to stm32f1xx_hal_pwr.o(i.PWR_OverloadWfe) for PWR_OverloadWfe
    stm32f1xx_hal_pwr.o(i.HAL_PWR_PVD_IRQHandler) refers to stm32f1xx_hal_pwr.o(i.HAL_PWR_PVDCallback) for HAL_PWR_PVDCallback
    stm32f1xx_hal_flash.o(i.FLASH_Program_HalfWord) refers to stm32f1xx_hal_flash.o(.bss) for .bss
    stm32f1xx_hal_flash.o(i.FLASH_SetErrorCode) refers to stm32f1xx_hal_flash.o(.bss) for .bss
    stm32f1xx_hal_flash.o(i.FLASH_WaitForLastOperation) refers to stm32f1xx_hal.o(i.HAL_GetTick) for HAL_GetTick
    stm32f1xx_hal_flash.o(i.FLASH_WaitForLastOperation) refers to stm32f1xx_hal_flash.o(i.FLASH_SetErrorCode) for FLASH_SetErrorCode
    stm32f1xx_hal_flash.o(i.HAL_FLASH_GetError) refers to stm32f1xx_hal_flash.o(.bss) for .bss
    stm32f1xx_hal_flash.o(i.HAL_FLASH_IRQHandler) refers to stm32f1xx_hal_flash.o(i.FLASH_SetErrorCode) for FLASH_SetErrorCode
    stm32f1xx_hal_flash.o(i.HAL_FLASH_IRQHandler) refers to stm32f1xx_hal_flash.o(i.HAL_FLASH_OperationErrorCallback) for HAL_FLASH_OperationErrorCallback
    stm32f1xx_hal_flash.o(i.HAL_FLASH_IRQHandler) refers to stm32f1xx_hal_flash.o(i.FLASH_Program_HalfWord) for FLASH_Program_HalfWord
    stm32f1xx_hal_flash.o(i.HAL_FLASH_IRQHandler) refers to stm32f1xx_hal_flash.o(i.HAL_FLASH_EndOfOperationCallback) for HAL_FLASH_EndOfOperationCallback
    stm32f1xx_hal_flash.o(i.HAL_FLASH_IRQHandler) refers to stm32f1xx_hal_flash_ex.o(i.FLASH_PageErase) for FLASH_PageErase
    stm32f1xx_hal_flash.o(i.HAL_FLASH_IRQHandler) refers to stm32f1xx_hal_flash.o(.bss) for .bss
    stm32f1xx_hal_flash.o(i.HAL_FLASH_OB_Launch) refers to stm32f1xx_hal_cortex.o(i.HAL_NVIC_SystemReset) for HAL_NVIC_SystemReset
    stm32f1xx_hal_flash.o(i.HAL_FLASH_Program) refers to stm32f1xx_hal_flash.o(i.FLASH_WaitForLastOperation) for FLASH_WaitForLastOperation
    stm32f1xx_hal_flash.o(i.HAL_FLASH_Program) refers to llushr.o(.text) for __aeabi_llsr
    stm32f1xx_hal_flash.o(i.HAL_FLASH_Program) refers to stm32f1xx_hal_flash.o(i.FLASH_Program_HalfWord) for FLASH_Program_HalfWord
    stm32f1xx_hal_flash.o(i.HAL_FLASH_Program) refers to stm32f1xx_hal_flash.o(.bss) for .bss
    stm32f1xx_hal_flash.o(i.HAL_FLASH_Program_IT) refers to stm32f1xx_hal_flash.o(i.FLASH_Program_HalfWord) for FLASH_Program_HalfWord
    stm32f1xx_hal_flash.o(i.HAL_FLASH_Program_IT) refers to stm32f1xx_hal_flash.o(.bss) for .bss
    stm32f1xx_hal_flash_ex.o(i.FLASH_MassErase) refers to stm32f1xx_hal_flash.o(.bss) for pFlash
    stm32f1xx_hal_flash_ex.o(i.FLASH_OB_RDP_LevelConfig) refers to stm32f1xx_hal_flash.o(i.FLASH_WaitForLastOperation) for FLASH_WaitForLastOperation
    stm32f1xx_hal_flash_ex.o(i.FLASH_OB_RDP_LevelConfig) refers to stm32f1xx_hal_flash.o(.bss) for pFlash
    stm32f1xx_hal_flash_ex.o(i.FLASH_PageErase) refers to stm32f1xx_hal_flash.o(.bss) for pFlash
    stm32f1xx_hal_flash_ex.o(i.HAL_FLASHEx_Erase) refers to stm32f1xx_hal_flash.o(i.FLASH_WaitForLastOperation) for FLASH_WaitForLastOperation
    stm32f1xx_hal_flash_ex.o(i.HAL_FLASHEx_Erase) refers to stm32f1xx_hal_flash_ex.o(i.FLASH_MassErase) for FLASH_MassErase
    stm32f1xx_hal_flash_ex.o(i.HAL_FLASHEx_Erase) refers to stm32f1xx_hal_flash_ex.o(i.FLASH_PageErase) for FLASH_PageErase
    stm32f1xx_hal_flash_ex.o(i.HAL_FLASHEx_Erase) refers to stm32f1xx_hal_flash.o(.bss) for pFlash
    stm32f1xx_hal_flash_ex.o(i.HAL_FLASHEx_Erase_IT) refers to stm32f1xx_hal_flash_ex.o(i.FLASH_PageErase) for FLASH_PageErase
    stm32f1xx_hal_flash_ex.o(i.HAL_FLASHEx_Erase_IT) refers to stm32f1xx_hal_flash_ex.o(i.FLASH_MassErase) for FLASH_MassErase
    stm32f1xx_hal_flash_ex.o(i.HAL_FLASHEx_Erase_IT) refers to stm32f1xx_hal_flash.o(.bss) for pFlash
    stm32f1xx_hal_flash_ex.o(i.HAL_FLASHEx_OBErase) refers to stm32f1xx_hal_flash_ex.o(i.FLASH_OB_GetRDP) for FLASH_OB_GetRDP
    stm32f1xx_hal_flash_ex.o(i.HAL_FLASHEx_OBErase) refers to stm32f1xx_hal_flash.o(i.FLASH_WaitForLastOperation) for FLASH_WaitForLastOperation
    stm32f1xx_hal_flash_ex.o(i.HAL_FLASHEx_OBErase) refers to stm32f1xx_hal_flash_ex.o(i.FLASH_OB_RDP_LevelConfig) for FLASH_OB_RDP_LevelConfig
    stm32f1xx_hal_flash_ex.o(i.HAL_FLASHEx_OBErase) refers to stm32f1xx_hal_flash.o(.bss) for pFlash
    stm32f1xx_hal_flash_ex.o(i.HAL_FLASHEx_OBGetConfig) refers to stm32f1xx_hal_flash_ex.o(i.FLASH_OB_GetRDP) for FLASH_OB_GetRDP
    stm32f1xx_hal_flash_ex.o(i.HAL_FLASHEx_OBProgram) refers to stm32f1xx_hal_flash.o(i.FLASH_WaitForLastOperation) for FLASH_WaitForLastOperation
    stm32f1xx_hal_flash_ex.o(i.HAL_FLASHEx_OBProgram) refers to stm32f1xx_hal_flash_ex.o(i.HAL_FLASHEx_OBErase) for HAL_FLASHEx_OBErase
    stm32f1xx_hal_flash_ex.o(i.HAL_FLASHEx_OBProgram) refers to stm32f1xx_hal_flash_ex.o(i.FLASH_OB_RDP_LevelConfig) for FLASH_OB_RDP_LevelConfig
    stm32f1xx_hal_flash_ex.o(i.HAL_FLASHEx_OBProgram) refers to stm32f1xx_hal_flash.o(.bss) for pFlash
    system_stm32f1xx.o(i.SystemCoreClockUpdate) refers to system_stm32f1xx.o(.data) for .data
    system_stm32f1xx.o(i.SystemCoreClockUpdate) refers to system_stm32f1xx.o(.constdata) for .constdata
    entry.o(.ARM.Collect$$$$00000000) refers (Special) to entry10a.o(.ARM.Collect$$$$0000000F) for __rt_final_cpp
    entry.o(.ARM.Collect$$$$00000000) refers (Special) to entry11a.o(.ARM.Collect$$$$00000011) for __rt_final_exit
    entry.o(.ARM.Collect$$$$00000000) refers (Special) to entry12b.o(.ARM.Collect$$$$0000000E) for __rt_lib_shutdown_fini
    entry.o(.ARM.Collect$$$$00000000) refers (Special) to entry7b.o(.ARM.Collect$$$$00000008) for _main_clock
    entry.o(.ARM.Collect$$$$00000000) refers (Special) to entry8b.o(.ARM.Collect$$$$0000000A) for _main_cpp_init
    entry.o(.ARM.Collect$$$$00000000) refers (Special) to entry9a.o(.ARM.Collect$$$$0000000B) for _main_init
    entry.o(.ARM.Collect$$$$00000000) refers (Special) to entry5.o(.ARM.Collect$$$$00000004) for _main_scatterload
    entry.o(.ARM.Collect$$$$00000000) refers (Special) to entry2.o(.ARM.Collect$$$$00000001) for _main_stk
    printfa.o(i.__0fprintf) refers (Special) to iusefp.o(.text) for __I$use$fp
    printfa.o(i.__0fprintf) refers to printfa.o(i._printf_core) for _printf_core
    printfa.o(i.__0fprintf) refers to fputc.o(i.fputc) for fputc
    printfa.o(i.__0printf) refers (Special) to iusefp.o(.text) for __I$use$fp
    printfa.o(i.__0printf) refers to printfa.o(i._printf_core) for _printf_core
    printfa.o(i.__0printf) refers to fputc.o(i.fputc) for fputc
    printfa.o(i.__0printf) refers to stdout.o(.data) for __stdout
    printfa.o(i.__0snprintf) refers (Special) to iusefp.o(.text) for __I$use$fp
    printfa.o(i.__0snprintf) refers to printfa.o(i._printf_core) for _printf_core
    printfa.o(i.__0snprintf) refers to printfa.o(i._snputc) for _snputc
    printfa.o(i.__0sprintf) refers (Special) to iusefp.o(.text) for __I$use$fp
    printfa.o(i.__0sprintf) refers to printfa.o(i._printf_core) for _printf_core
    printfa.o(i.__0sprintf) refers to printfa.o(i._sputc) for _sputc
    printfa.o(i.__0vfprintf) refers (Special) to iusefp.o(.text) for __I$use$fp
    printfa.o(i.__0vfprintf) refers to printfa.o(i._printf_core) for _printf_core
    printfa.o(i.__0vfprintf) refers to fputc.o(i.fputc) for fputc
    printfa.o(i.__0vprintf) refers (Special) to iusefp.o(.text) for __I$use$fp
    printfa.o(i.__0vprintf) refers to printfa.o(i._printf_core) for _printf_core
    printfa.o(i.__0vprintf) refers to fputc.o(i.fputc) for fputc
    printfa.o(i.__0vprintf) refers to stdout.o(.data) for __stdout
    printfa.o(i.__0vsnprintf) refers (Special) to iusefp.o(.text) for __I$use$fp
    printfa.o(i.__0vsnprintf) refers to printfa.o(i._printf_core) for _printf_core
    printfa.o(i.__0vsnprintf) refers to printfa.o(i._snputc) for _snputc
    printfa.o(i.__0vsprintf) refers (Special) to iusefp.o(.text) for __I$use$fp
    printfa.o(i.__0vsprintf) refers to printfa.o(i._printf_core) for _printf_core
    printfa.o(i.__0vsprintf) refers to printfa.o(i._sputc) for _sputc
    printfa.o(i._fp_digits) refers (Special) to iusefp.o(.text) for __I$use$fp
    printfa.o(i._fp_digits) refers to dmul.o(.text) for __aeabi_dmul
    printfa.o(i._fp_digits) refers to ddiv.o(.text) for __aeabi_ddiv
    printfa.o(i._fp_digits) refers to cdrcmple.o(.text) for __aeabi_cdrcmple
    printfa.o(i._fp_digits) refers to dadd.o(.text) for __aeabi_dadd
    printfa.o(i._fp_digits) refers to dfixul.o(.text) for __aeabi_d2ulz
    printfa.o(i._fp_digits) refers to uldiv.o(.text) for __aeabi_uldivmod
    printfa.o(i._printf_core) refers (Special) to iusefp.o(.text) for __I$use$fp
    printfa.o(i._printf_core) refers to printfa.o(i._printf_pre_padding) for _printf_pre_padding
    printfa.o(i._printf_core) refers to uldiv.o(.text) for __aeabi_uldivmod
    printfa.o(i._printf_core) refers to printfa.o(i._printf_post_padding) for _printf_post_padding
    printfa.o(i._printf_core) refers to printfa.o(i._fp_digits) for _fp_digits
    printfa.o(i._printf_core) refers to uidiv.o(.text) for __aeabi_uidivmod
    printfa.o(i._printf_post_padding) refers (Special) to iusefp.o(.text) for __I$use$fp
    printfa.o(i._printf_pre_padding) refers (Special) to iusefp.o(.text) for __I$use$fp
    printfa.o(i._snputc) refers (Special) to iusefp.o(.text) for __I$use$fp
    printfa.o(i._sputc) refers (Special) to iusefp.o(.text) for __I$use$fp
    fadd.o(.text) refers (Special) to iusefp.o(.text) for __I$use$fp
    fadd.o(.text) refers to fepilogue.o(.text) for _float_epilogue
    dadd.o(.text) refers (Special) to iusefp.o(.text) for __I$use$fp
    dadd.o(.text) refers to llshl.o(.text) for __aeabi_llsl
    dadd.o(.text) refers to llsshr.o(.text) for __aeabi_lasr
    dadd.o(.text) refers to depilogue.o(.text) for _double_epilogue
    ddiv.o(.text) refers (Special) to iusefp.o(.text) for __I$use$fp
    ddiv.o(.text) refers to depilogue.o(.text) for _double_round
    fflti.o(.text) refers (Special) to iusefp.o(.text) for __I$use$fp
    fflti.o(.text) refers to fepilogue.o(.text) for _float_epilogue
    dfltui.o(.text) refers (Special) to iusefp.o(.text) for __I$use$fp
    dfltui.o(.text) refers to depilogue.o(.text) for _double_epilogue
    cdrcmple.o(.text) refers (Special) to iusefp.o(.text) for __I$use$fp
    d2f.o(.text) refers (Special) to iusefp.o(.text) for __I$use$fp
    d2f.o(.text) refers to fepilogue.o(.text) for _float_round
    entry2.o(.ARM.Collect$$$$00000001) refers to entry2.o(.ARM.Collect$$$$00002712) for __lit__00000000
    entry2.o(.ARM.Collect$$$$00002712) refers to startup_stm32f103x6.o(STACK) for __initial_sp
    entry2.o(__vectab_stack_and_reset_area) refers to startup_stm32f103x6.o(STACK) for __initial_sp
    entry2.o(__vectab_stack_and_reset_area) refers to entry.o(.ARM.Collect$$$$00000000) for __main
    entry5.o(.ARM.Collect$$$$00000004) refers to init.o(.text) for __scatterload
    entry9a.o(.ARM.Collect$$$$0000000B) refers to main.o(i.main) for main
    entry9b.o(.ARM.Collect$$$$0000000C) refers to main.o(i.main) for main
    fputc.o(i.fputc) refers (Special) to iusesemip.o(.text) for __I$use$semihosting$fputc
    fputc.o(i.fputc) refers (Special) to semi.o(.text) for __semihosting_library_function
    uldiv.o(.text) refers to llushr.o(.text) for __aeabi_llsr
    uldiv.o(.text) refers to llshl.o(.text) for __aeabi_llsl
    depilogue.o(.text) refers to llshl.o(.text) for __aeabi_llsl
    depilogue.o(.text) refers to llushr.o(.text) for __aeabi_llsr
    dmul.o(.text) refers to depilogue.o(.text) for _double_epilogue
    dfixul.o(.text) refers to llushr.o(.text) for __aeabi_llsr
    dfixul.o(.text) refers to llshl.o(.text) for __aeabi_llsl
    init.o(.text) refers to entry5.o(.ARM.Collect$$$$00000004) for __main_after_scatterload


==============================================================================

Removing Unused input sections from the image.

    Removing startup_stm32f103x6.o(HEAP), (512 bytes).
    Removing lcd16x2.o(.rev16_text), (4 bytes).
    Removing lcd16x2.o(.revsh_text), (4 bytes).
    Removing lcd16x2.o(.rrx_text), (6 bytes).
    Removing lcd16x2.o(i.lcd16x2_1stLine), (8 bytes).
    Removing lcd16x2.o(i.lcd16x2_2ndLine), (8 bytes).
    Removing lcd16x2.o(i.lcd16x2_clear), (18 bytes).
    Removing lcd16x2.o(i.lcd16x2_cursorShow), (28 bytes).
    Removing lcd16x2.o(i.lcd16x2_display), (28 bytes).
    Removing lcd16x2.o(i.lcd16x2_init_8bits), (156 bytes).
    Removing lcd16x2.o(i.lcd16x2_oneLine), (20 bytes).
    Removing lcd16x2.o(i.lcd16x2_shiftLeft), (24 bytes).
    Removing lcd16x2.o(i.lcd16x2_shiftRight), (24 bytes).
    Removing lcd16x2.o(i.lcd16x2_twoLines), (20 bytes).
    Removing main.o(.rev16_text), (4 bytes).
    Removing main.o(.revsh_text), (4 bytes).
    Removing main.o(.rrx_text), (6 bytes).
    Removing main.o(i.Error_Handler), (4 bytes).
    Removing stm32f1xx_it.o(.rev16_text), (4 bytes).
    Removing stm32f1xx_it.o(.revsh_text), (4 bytes).
    Removing stm32f1xx_it.o(.rrx_text), (6 bytes).
    Removing stm32f1xx_hal_msp.o(.rev16_text), (4 bytes).
    Removing stm32f1xx_hal_msp.o(.revsh_text), (4 bytes).
    Removing stm32f1xx_hal_msp.o(.rrx_text), (6 bytes).
    Removing stm32f1xx_hal_gpio_ex.o(.rev16_text), (4 bytes).
    Removing stm32f1xx_hal_gpio_ex.o(.revsh_text), (4 bytes).
    Removing stm32f1xx_hal_gpio_ex.o(.rrx_text), (6 bytes).
    Removing stm32f1xx_hal_gpio_ex.o(i.HAL_GPIOEx_ConfigEventout), (20 bytes).
    Removing stm32f1xx_hal_gpio_ex.o(i.HAL_GPIOEx_DisableEventout), (16 bytes).
    Removing stm32f1xx_hal_gpio_ex.o(i.HAL_GPIOEx_EnableEventout), (16 bytes).
    Removing stm32f1xx_hal_tim.o(.rev16_text), (4 bytes).
    Removing stm32f1xx_hal_tim.o(.revsh_text), (4 bytes).
    Removing stm32f1xx_hal_tim.o(.rrx_text), (6 bytes).
    Removing stm32f1xx_hal_tim_ex.o(.rev16_text), (4 bytes).
    Removing stm32f1xx_hal_tim_ex.o(.revsh_text), (4 bytes).
    Removing stm32f1xx_hal_tim_ex.o(.rrx_text), (6 bytes).
    Removing stm32f1xx_hal.o(.rev16_text), (4 bytes).
    Removing stm32f1xx_hal.o(.revsh_text), (4 bytes).
    Removing stm32f1xx_hal.o(.rrx_text), (6 bytes).
    Removing stm32f1xx_hal.o(i.HAL_DBGMCU_DisableDBGSleepMode), (16 bytes).
    Removing stm32f1xx_hal.o(i.HAL_DBGMCU_DisableDBGStandbyMode), (16 bytes).
    Removing stm32f1xx_hal.o(i.HAL_DBGMCU_DisableDBGStopMode), (16 bytes).
    Removing stm32f1xx_hal.o(i.HAL_DBGMCU_EnableDBGSleepMode), (16 bytes).
    Removing stm32f1xx_hal.o(i.HAL_DBGMCU_EnableDBGStandbyMode), (16 bytes).
    Removing stm32f1xx_hal.o(i.HAL_DBGMCU_EnableDBGStopMode), (16 bytes).
    Removing stm32f1xx_hal.o(i.HAL_DeInit), (32 bytes).
    Removing stm32f1xx_hal.o(i.HAL_GetDEVID), (16 bytes).
    Removing stm32f1xx_hal.o(i.HAL_GetHalVersion), (8 bytes).
    Removing stm32f1xx_hal.o(i.HAL_GetREVID), (12 bytes).
    Removing stm32f1xx_hal.o(i.HAL_GetTickFreq), (12 bytes).
    Removing stm32f1xx_hal.o(i.HAL_GetTickPrio), (12 bytes).
    Removing stm32f1xx_hal.o(i.HAL_GetUIDw0), (12 bytes).
    Removing stm32f1xx_hal.o(i.HAL_GetUIDw1), (12 bytes).
    Removing stm32f1xx_hal.o(i.HAL_GetUIDw2), (12 bytes).
    Removing stm32f1xx_hal.o(i.HAL_MspDeInit), (2 bytes).
    Removing stm32f1xx_hal.o(i.HAL_MspInit), (2 bytes).
    Removing stm32f1xx_hal.o(i.HAL_ResumeTick), (14 bytes).
    Removing stm32f1xx_hal.o(i.HAL_SetTickFreq), (36 bytes).
    Removing stm32f1xx_hal.o(i.HAL_SuspendTick), (14 bytes).
    Removing stm32f1xx_hal_rcc.o(.rev16_text), (4 bytes).
    Removing stm32f1xx_hal_rcc.o(.revsh_text), (4 bytes).
    Removing stm32f1xx_hal_rcc.o(.rrx_text), (6 bytes).
    Removing stm32f1xx_hal_rcc.o(i.HAL_RCC_CSSCallback), (2 bytes).
    Removing stm32f1xx_hal_rcc.o(i.HAL_RCC_DeInit), (220 bytes).
    Removing stm32f1xx_hal_rcc.o(i.HAL_RCC_DisableCSS), (12 bytes).
    Removing stm32f1xx_hal_rcc.o(i.HAL_RCC_EnableCSS), (12 bytes).
    Removing stm32f1xx_hal_rcc.o(i.HAL_RCC_GetClockConfig), (64 bytes).
    Removing stm32f1xx_hal_rcc.o(i.HAL_RCC_GetOscConfig), (144 bytes).
    Removing stm32f1xx_hal_rcc.o(i.HAL_RCC_GetPCLK1Freq), (32 bytes).
    Removing stm32f1xx_hal_rcc.o(i.HAL_RCC_GetPCLK2Freq), (32 bytes).
    Removing stm32f1xx_hal_rcc.o(i.HAL_RCC_MCOConfig), (72 bytes).
    Removing stm32f1xx_hal_rcc.o(i.HAL_RCC_NMI_IRQHandler), (24 bytes).
    Removing stm32f1xx_hal_rcc_ex.o(.rev16_text), (4 bytes).
    Removing stm32f1xx_hal_rcc_ex.o(.revsh_text), (4 bytes).
    Removing stm32f1xx_hal_rcc_ex.o(.rrx_text), (6 bytes).
    Removing stm32f1xx_hal_rcc_ex.o(i.HAL_RCCEx_GetPeriphCLKConfig), (44 bytes).
    Removing stm32f1xx_hal_rcc_ex.o(i.HAL_RCCEx_GetPeriphCLKFreq), (200 bytes).
    Removing stm32f1xx_hal_rcc_ex.o(i.HAL_RCCEx_PeriphCLKConfig), (236 bytes).
    Removing stm32f1xx_hal_gpio.o(.rev16_text), (4 bytes).
    Removing stm32f1xx_hal_gpio.o(.revsh_text), (4 bytes).
    Removing stm32f1xx_hal_gpio.o(.rrx_text), (6 bytes).
    Removing stm32f1xx_hal_gpio.o(i.HAL_GPIO_DeInit), (236 bytes).
    Removing stm32f1xx_hal_gpio.o(i.HAL_GPIO_EXTI_Callback), (2 bytes).
    Removing stm32f1xx_hal_gpio.o(i.HAL_GPIO_LockPin), (34 bytes).
    Removing stm32f1xx_hal_gpio.o(i.HAL_GPIO_TogglePin), (16 bytes).
    Removing stm32f1xx_hal_dma.o(.rev16_text), (4 bytes).
    Removing stm32f1xx_hal_dma.o(.revsh_text), (4 bytes).
    Removing stm32f1xx_hal_dma.o(.rrx_text), (6 bytes).
    Removing stm32f1xx_hal_dma.o(i.DMA_SetConfig), (42 bytes).
    Removing stm32f1xx_hal_dma.o(i.HAL_DMA_Abort), (70 bytes).
    Removing stm32f1xx_hal_dma.o(i.HAL_DMA_Abort_IT), (152 bytes).
    Removing stm32f1xx_hal_dma.o(i.HAL_DMA_DeInit), (92 bytes).
    Removing stm32f1xx_hal_dma.o(i.HAL_DMA_GetError), (4 bytes).
    Removing stm32f1xx_hal_dma.o(i.HAL_DMA_GetState), (6 bytes).
    Removing stm32f1xx_hal_dma.o(i.HAL_DMA_IRQHandler), (340 bytes).
    Removing stm32f1xx_hal_dma.o(i.HAL_DMA_Init), (92 bytes).
    Removing stm32f1xx_hal_dma.o(i.HAL_DMA_PollForTransfer), (532 bytes).
    Removing stm32f1xx_hal_dma.o(i.HAL_DMA_RegisterCallback), (74 bytes).
    Removing stm32f1xx_hal_dma.o(i.HAL_DMA_Start), (80 bytes).
    Removing stm32f1xx_hal_dma.o(i.HAL_DMA_Start_IT), (112 bytes).
    Removing stm32f1xx_hal_dma.o(i.HAL_DMA_UnRegisterCallback), (82 bytes).
    Removing stm32f1xx_hal_cortex.o(.rev16_text), (4 bytes).
    Removing stm32f1xx_hal_cortex.o(.revsh_text), (4 bytes).
    Removing stm32f1xx_hal_cortex.o(.rrx_text), (6 bytes).
    Removing stm32f1xx_hal_cortex.o(i.HAL_NVIC_ClearPendingIRQ), (26 bytes).
    Removing stm32f1xx_hal_cortex.o(i.HAL_NVIC_DisableIRQ), (34 bytes).
    Removing stm32f1xx_hal_cortex.o(i.HAL_NVIC_GetActive), (36 bytes).
    Removing stm32f1xx_hal_cortex.o(i.HAL_NVIC_GetPendingIRQ), (36 bytes).
    Removing stm32f1xx_hal_cortex.o(i.HAL_NVIC_GetPriority), (82 bytes).
    Removing stm32f1xx_hal_cortex.o(i.HAL_NVIC_GetPriorityGrouping), (16 bytes).
    Removing stm32f1xx_hal_cortex.o(i.HAL_NVIC_SetPendingIRQ), (26 bytes).
    Removing stm32f1xx_hal_cortex.o(i.HAL_NVIC_SystemReset), (36 bytes).
    Removing stm32f1xx_hal_cortex.o(i.HAL_SYSTICK_CLKSourceConfig), (24 bytes).
    Removing stm32f1xx_hal_cortex.o(i.HAL_SYSTICK_Callback), (2 bytes).
    Removing stm32f1xx_hal_cortex.o(i.HAL_SYSTICK_IRQHandler), (8 bytes).
    Removing stm32f1xx_hal_pwr.o(.rev16_text), (4 bytes).
    Removing stm32f1xx_hal_pwr.o(.revsh_text), (4 bytes).
    Removing stm32f1xx_hal_pwr.o(.rrx_text), (6 bytes).
    Removing stm32f1xx_hal_pwr.o(i.HAL_PWR_ConfigPVD), (124 bytes).
    Removing stm32f1xx_hal_pwr.o(i.HAL_PWR_DeInit), (24 bytes).
    Removing stm32f1xx_hal_pwr.o(i.HAL_PWR_DisableBkUpAccess), (12 bytes).
    Removing stm32f1xx_hal_pwr.o(i.HAL_PWR_DisablePVD), (12 bytes).
    Removing stm32f1xx_hal_pwr.o(i.HAL_PWR_DisableSEVOnPend), (16 bytes).
    Removing stm32f1xx_hal_pwr.o(i.HAL_PWR_DisableSleepOnExit), (16 bytes).
    Removing stm32f1xx_hal_pwr.o(i.HAL_PWR_DisableWakeUpPin), (28 bytes).
    Removing stm32f1xx_hal_pwr.o(i.HAL_PWR_EnableBkUpAccess), (12 bytes).
    Removing stm32f1xx_hal_pwr.o(i.HAL_PWR_EnablePVD), (12 bytes).
    Removing stm32f1xx_hal_pwr.o(i.HAL_PWR_EnableSEVOnPend), (16 bytes).
    Removing stm32f1xx_hal_pwr.o(i.HAL_PWR_EnableSleepOnExit), (16 bytes).
    Removing stm32f1xx_hal_pwr.o(i.HAL_PWR_EnableWakeUpPin), (28 bytes).
    Removing stm32f1xx_hal_pwr.o(i.HAL_PWR_EnterSLEEPMode), (32 bytes).
    Removing stm32f1xx_hal_pwr.o(i.HAL_PWR_EnterSTANDBYMode), (32 bytes).
    Removing stm32f1xx_hal_pwr.o(i.HAL_PWR_EnterSTOPMode), (68 bytes).
    Removing stm32f1xx_hal_pwr.o(i.HAL_PWR_PVDCallback), (2 bytes).
    Removing stm32f1xx_hal_pwr.o(i.HAL_PWR_PVD_IRQHandler), (28 bytes).
    Removing stm32f1xx_hal_pwr.o(i.PWR_OverloadWfe), (6 bytes).
    Removing stm32f1xx_hal_flash.o(.rev16_text), (4 bytes).
    Removing stm32f1xx_hal_flash.o(.revsh_text), (4 bytes).
    Removing stm32f1xx_hal_flash.o(.rrx_text), (6 bytes).
    Removing stm32f1xx_hal_flash.o(i.FLASH_Program_HalfWord), (28 bytes).
    Removing stm32f1xx_hal_flash.o(i.FLASH_SetErrorCode), (92 bytes).
    Removing stm32f1xx_hal_flash.o(i.FLASH_WaitForLastOperation), (84 bytes).
    Removing stm32f1xx_hal_flash.o(i.HAL_FLASH_EndOfOperationCallback), (2 bytes).
    Removing stm32f1xx_hal_flash.o(i.HAL_FLASH_GetError), (12 bytes).
    Removing stm32f1xx_hal_flash.o(i.HAL_FLASH_IRQHandler), (264 bytes).
    Removing stm32f1xx_hal_flash.o(i.HAL_FLASH_Lock), (20 bytes).
    Removing stm32f1xx_hal_flash.o(i.HAL_FLASH_OB_Launch), (4 bytes).
    Removing stm32f1xx_hal_flash.o(i.HAL_FLASH_OB_Lock), (20 bytes).
    Removing stm32f1xx_hal_flash.o(i.HAL_FLASH_OB_Unlock), (36 bytes).
    Removing stm32f1xx_hal_flash.o(i.HAL_FLASH_OperationErrorCallback), (2 bytes).
    Removing stm32f1xx_hal_flash.o(i.HAL_FLASH_Program), (128 bytes).
    Removing stm32f1xx_hal_flash.o(i.HAL_FLASH_Program_IT), (100 bytes).
    Removing stm32f1xx_hal_flash.o(i.HAL_FLASH_Unlock), (40 bytes).
    Removing stm32f1xx_hal_flash.o(.bss), (32 bytes).
    Removing stm32f1xx_hal_flash_ex.o(.rev16_text), (4 bytes).
    Removing stm32f1xx_hal_flash_ex.o(.revsh_text), (4 bytes).
    Removing stm32f1xx_hal_flash_ex.o(.rrx_text), (6 bytes).
    Removing stm32f1xx_hal_flash_ex.o(i.FLASH_MassErase), (36 bytes).
    Removing stm32f1xx_hal_flash_ex.o(i.FLASH_OB_GetRDP), (24 bytes).
    Removing stm32f1xx_hal_flash_ex.o(i.FLASH_OB_RDP_LevelConfig), (100 bytes).
    Removing stm32f1xx_hal_flash_ex.o(i.FLASH_PageErase), (36 bytes).
    Removing stm32f1xx_hal_flash_ex.o(i.HAL_FLASHEx_Erase), (168 bytes).
    Removing stm32f1xx_hal_flash_ex.o(i.HAL_FLASHEx_Erase_IT), (84 bytes).
    Removing stm32f1xx_hal_flash_ex.o(i.HAL_FLASHEx_OBErase), (84 bytes).
    Removing stm32f1xx_hal_flash_ex.o(i.HAL_FLASHEx_OBGetConfig), (36 bytes).
    Removing stm32f1xx_hal_flash_ex.o(i.HAL_FLASHEx_OBGetUserData), (32 bytes).
    Removing stm32f1xx_hal_flash_ex.o(i.HAL_FLASHEx_OBProgram), (324 bytes).
    Removing stm32f1xx_hal_exti.o(.rev16_text), (4 bytes).
    Removing stm32f1xx_hal_exti.o(.revsh_text), (4 bytes).
    Removing stm32f1xx_hal_exti.o(.rrx_text), (6 bytes).
    Removing stm32f1xx_hal_exti.o(i.HAL_EXTI_ClearConfigLine), (104 bytes).
    Removing stm32f1xx_hal_exti.o(i.HAL_EXTI_ClearPending), (20 bytes).
    Removing stm32f1xx_hal_exti.o(i.HAL_EXTI_GenerateSWI), (20 bytes).
    Removing stm32f1xx_hal_exti.o(i.HAL_EXTI_GetConfigLine), (144 bytes).
    Removing stm32f1xx_hal_exti.o(i.HAL_EXTI_GetHandle), (12 bytes).
    Removing stm32f1xx_hal_exti.o(i.HAL_EXTI_GetPending), (24 bytes).
    Removing stm32f1xx_hal_exti.o(i.HAL_EXTI_IRQHandler), (36 bytes).
    Removing stm32f1xx_hal_exti.o(i.HAL_EXTI_RegisterCallback), (14 bytes).
    Removing stm32f1xx_hal_exti.o(i.HAL_EXTI_SetConfigLine), (164 bytes).
    Removing system_stm32f1xx.o(.rev16_text), (4 bytes).
    Removing system_stm32f1xx.o(.revsh_text), (4 bytes).
    Removing system_stm32f1xx.o(.rrx_text), (6 bytes).
    Removing system_stm32f1xx.o(i.SystemCoreClockUpdate), (104 bytes).
    Removing system_stm32f1xx.o(.constdata), (8 bytes).

184 unused section(s) (total 7754 bytes) removed from the image.

==============================================================================

Image Symbol Table

    Local Symbols

    Symbol Name                              Value     Ov Type        Size  Object(Section)

    ../Core/Src/main.c                       0x00000000   Number         0  main.o ABSOLUTE
    ../Core/Src/stm32f1xx_hal_msp.c          0x00000000   Number         0  stm32f1xx_hal_msp.o ABSOLUTE
    ../Core/Src/stm32f1xx_it.c               0x00000000   Number         0  stm32f1xx_it.o ABSOLUTE
    ../Core/Src/system_stm32f1xx.c           0x00000000   Number         0  system_stm32f1xx.o ABSOLUTE
    ../Drivers/STM32F1xx_HAL_Driver/Src/stm32f1xx_hal.c 0x00000000   Number         0  stm32f1xx_hal.o ABSOLUTE
    ../Drivers/STM32F1xx_HAL_Driver/Src/stm32f1xx_hal_cortex.c 0x00000000   Number         0  stm32f1xx_hal_cortex.o ABSOLUTE
    ../Drivers/STM32F1xx_HAL_Driver/Src/stm32f1xx_hal_dma.c 0x00000000   Number         0  stm32f1xx_hal_dma.o ABSOLUTE
    ../Drivers/STM32F1xx_HAL_Driver/Src/stm32f1xx_hal_exti.c 0x00000000   Number         0  stm32f1xx_hal_exti.o ABSOLUTE
    ../Drivers/STM32F1xx_HAL_Driver/Src/stm32f1xx_hal_flash.c 0x00000000   Number         0  stm32f1xx_hal_flash.o ABSOLUTE
    ../Drivers/STM32F1xx_HAL_Driver/Src/stm32f1xx_hal_flash_ex.c 0x00000000   Number         0  stm32f1xx_hal_flash_ex.o ABSOLUTE
    ../Drivers/STM32F1xx_HAL_Driver/Src/stm32f1xx_hal_gpio.c 0x00000000   Number         0  stm32f1xx_hal_gpio.o ABSOLUTE
    ../Drivers/STM32F1xx_HAL_Driver/Src/stm32f1xx_hal_gpio_ex.c 0x00000000   Number         0  stm32f1xx_hal_gpio_ex.o ABSOLUTE
    ../Drivers/STM32F1xx_HAL_Driver/Src/stm32f1xx_hal_pwr.c 0x00000000   Number         0  stm32f1xx_hal_pwr.o ABSOLUTE
    ../Drivers/STM32F1xx_HAL_Driver/Src/stm32f1xx_hal_rcc.c 0x00000000   Number         0  stm32f1xx_hal_rcc.o ABSOLUTE
    ../Drivers/STM32F1xx_HAL_Driver/Src/stm32f1xx_hal_rcc_ex.c 0x00000000   Number         0  stm32f1xx_hal_rcc_ex.o ABSOLUTE
    ../Drivers/STM32F1xx_HAL_Driver/Src/stm32f1xx_hal_tim.c 0x00000000   Number         0  stm32f1xx_hal_tim.o ABSOLUTE
    ../Drivers/STM32F1xx_HAL_Driver/Src/stm32f1xx_hal_tim_ex.c 0x00000000   Number         0  stm32f1xx_hal_tim_ex.o ABSOLUTE
    ../clib/microlib/division.c              0x00000000   Number         0  uidiv.o ABSOLUTE
    ../clib/microlib/division.c              0x00000000   Number         0  uldiv.o ABSOLUTE
    ../clib/microlib/init/entry.s            0x00000000   Number         0  entry2.o ABSOLUTE
    ../clib/microlib/init/entry.s            0x00000000   Number         0  entry.o ABSOLUTE
    ../clib/microlib/init/entry.s            0x00000000   Number         0  entry5.o ABSOLUTE
    ../clib/microlib/init/entry.s            0x00000000   Number         0  entry7a.o ABSOLUTE
    ../clib/microlib/init/entry.s            0x00000000   Number         0  entry7b.o ABSOLUTE
    ../clib/microlib/init/entry.s            0x00000000   Number         0  entry8b.o ABSOLUTE
    ../clib/microlib/init/entry.s            0x00000000   Number         0  entry9a.o ABSOLUTE
    ../clib/microlib/init/entry.s            0x00000000   Number         0  entry9b.o ABSOLUTE
    ../clib/microlib/init/entry.s            0x00000000   Number         0  entry10a.o ABSOLUTE
    ../clib/microlib/init/entry.s            0x00000000   Number         0  entry10b.o ABSOLUTE
    ../clib/microlib/init/entry.s            0x00000000   Number         0  entry8a.o ABSOLUTE
    ../clib/microlib/init/entry.s            0x00000000   Number         0  entry12b.o ABSOLUTE
    ../clib/microlib/init/entry.s            0x00000000   Number         0  entry12a.o ABSOLUTE
    ../clib/microlib/init/entry.s            0x00000000   Number         0  entry11b.o ABSOLUTE
    ../clib/microlib/init/entry.s            0x00000000   Number         0  entry11a.o ABSOLUTE
    ../clib/microlib/longlong.c              0x00000000   Number         0  llsshr.o ABSOLUTE
    ../clib/microlib/longlong.c              0x00000000   Number         0  llshl.o ABSOLUTE
    ../clib/microlib/longlong.c              0x00000000   Number         0  llushr.o ABSOLUTE
    ../clib/microlib/printf/printf.c         0x00000000   Number         0  printfa.o ABSOLUTE
    ../clib/microlib/stdio/fputc.c           0x00000000   Number         0  fputc.o ABSOLUTE
    ../clib/microlib/stdio/semi.s            0x00000000   Number         0  semi.o ABSOLUTE
    ../clib/microlib/stdio/streams.c         0x00000000   Number         0  stdout.o ABSOLUTE
    ../clib/microlib/string/memset.c         0x00000000   Number         0  memseta.o ABSOLUTE
    ../clib/microlib/string/strlen.c         0x00000000   Number         0  strlen.o ABSOLUTE
    ../clib/microlib/stubs.s                 0x00000000   Number         0  iusesemip.o ABSOLUTE
    ../clib/microlib/stubs.s                 0x00000000   Number         0  iusefp.o ABSOLUTE
    ../fplib/microlib/d2f.c                  0x00000000   Number         0  d2f.o ABSOLUTE
    ../fplib/microlib/fpadd.c                0x00000000   Number         0  fadd.o ABSOLUTE
    ../fplib/microlib/fpadd.c                0x00000000   Number         0  dadd.o ABSOLUTE
    ../fplib/microlib/fpdiv.c                0x00000000   Number         0  ddiv.o ABSOLUTE
    ../fplib/microlib/fpepilogue.c           0x00000000   Number         0  fepilogue.o ABSOLUTE
    ../fplib/microlib/fpepilogue.c           0x00000000   Number         0  depilogue.o ABSOLUTE
    ../fplib/microlib/fpfix.c                0x00000000   Number         0  dfixul.o ABSOLUTE
    ../fplib/microlib/fpflt.c                0x00000000   Number         0  dfltui.o ABSOLUTE
    ../fplib/microlib/fpflt.c                0x00000000   Number         0  fflti.o ABSOLUTE
    ../fplib/microlib/fpmul.c                0x00000000   Number         0  dmul.o ABSOLUTE
    ..\Core\Src\main.c                       0x00000000   Number         0  main.o ABSOLUTE
    ..\Core\Src\stm32f1xx_hal_msp.c          0x00000000   Number         0  stm32f1xx_hal_msp.o ABSOLUTE
    ..\Core\Src\stm32f1xx_it.c               0x00000000   Number         0  stm32f1xx_it.o ABSOLUTE
    ..\Core\Src\system_stm32f1xx.c           0x00000000   Number         0  system_stm32f1xx.o ABSOLUTE
    ..\Drivers\STM32F1xx_HAL_Driver\Src\stm32f1xx_hal.c 0x00000000   Number         0  stm32f1xx_hal.o ABSOLUTE
    ..\Drivers\STM32F1xx_HAL_Driver\Src\stm32f1xx_hal_cortex.c 0x00000000   Number         0  stm32f1xx_hal_cortex.o ABSOLUTE
    ..\Drivers\STM32F1xx_HAL_Driver\Src\stm32f1xx_hal_dma.c 0x00000000   Number         0  stm32f1xx_hal_dma.o ABSOLUTE
    ..\Drivers\STM32F1xx_HAL_Driver\Src\stm32f1xx_hal_exti.c 0x00000000   Number         0  stm32f1xx_hal_exti.o ABSOLUTE
    ..\Drivers\STM32F1xx_HAL_Driver\Src\stm32f1xx_hal_flash.c 0x00000000   Number         0  stm32f1xx_hal_flash.o ABSOLUTE
    ..\Drivers\STM32F1xx_HAL_Driver\Src\stm32f1xx_hal_flash_ex.c 0x00000000   Number         0  stm32f1xx_hal_flash_ex.o ABSOLUTE
    ..\Drivers\STM32F1xx_HAL_Driver\Src\stm32f1xx_hal_gpio.c 0x00000000   Number         0  stm32f1xx_hal_gpio.o ABSOLUTE
    ..\Drivers\STM32F1xx_HAL_Driver\Src\stm32f1xx_hal_gpio_ex.c 0x00000000   Number         0  stm32f1xx_hal_gpio_ex.o ABSOLUTE
    ..\Drivers\STM32F1xx_HAL_Driver\Src\stm32f1xx_hal_pwr.c 0x00000000   Number         0  stm32f1xx_hal_pwr.o ABSOLUTE
    ..\Drivers\STM32F1xx_HAL_Driver\Src\stm32f1xx_hal_rcc.c 0x00000000   Number         0  stm32f1xx_hal_rcc.o ABSOLUTE
    ..\Drivers\STM32F1xx_HAL_Driver\Src\stm32f1xx_hal_rcc_ex.c 0x00000000   Number         0  stm32f1xx_hal_rcc_ex.o ABSOLUTE
    ..\Drivers\STM32F1xx_HAL_Driver\Src\stm32f1xx_hal_tim.c 0x00000000   Number         0  stm32f1xx_hal_tim.o ABSOLUTE
    ..\Drivers\STM32F1xx_HAL_Driver\Src\stm32f1xx_hal_tim_ex.c 0x00000000   Number         0  stm32f1xx_hal_tim_ex.o ABSOLUTE
    ..\LCD1602\lcd16x2.c                     0x00000000   Number         0  lcd16x2.o ABSOLUTE
    ..\\LCD1602\\lcd16x2.c                   0x00000000   Number         0  lcd16x2.o ABSOLUTE
    cdrcmple.s                               0x00000000   Number         0  cdrcmple.o ABSOLUTE
    dc.s                                     0x00000000   Number         0  dc.o ABSOLUTE
    handlers.s                               0x00000000   Number         0  handlers.o ABSOLUTE
    init.s                                   0x00000000   Number         0  init.o ABSOLUTE
    startup_stm32f103x6.s                    0x00000000   Number         0  startup_stm32f103x6.o ABSOLUTE
    RESET                                    0x08000000   Section      236  startup_stm32f103x6.o(RESET)
    .ARM.Collect$$$$00000000                 0x080000ec   Section        0  entry.o(.ARM.Collect$$$$00000000)
    .ARM.Collect$$$$00000001                 0x080000ec   Section        4  entry2.o(.ARM.Collect$$$$00000001)
    .ARM.Collect$$$$00000004                 0x080000f0   Section        4  entry5.o(.ARM.Collect$$$$00000004)
    .ARM.Collect$$$$00000008                 0x080000f4   Section        0  entry7b.o(.ARM.Collect$$$$00000008)
    .ARM.Collect$$$$0000000A                 0x080000f4   Section        0  entry8b.o(.ARM.Collect$$$$0000000A)
    .ARM.Collect$$$$0000000B                 0x080000f4   Section        8  entry9a.o(.ARM.Collect$$$$0000000B)
    .ARM.Collect$$$$0000000E                 0x080000fc   Section        4  entry12b.o(.ARM.Collect$$$$0000000E)
    .ARM.Collect$$$$0000000F                 0x08000100   Section        0  entry10a.o(.ARM.Collect$$$$0000000F)
    .ARM.Collect$$$$00000011                 0x08000100   Section        0  entry11a.o(.ARM.Collect$$$$00000011)
    .ARM.Collect$$$$00002712                 0x08000100   Section        4  entry2.o(.ARM.Collect$$$$00002712)
    __lit__00000000                          0x08000100   Data           4  entry2.o(.ARM.Collect$$$$00002712)
    .text                                    0x08000104   Section       36  startup_stm32f103x6.o(.text)
    .text                                    0x08000128   Section        0  llushr.o(.text)
    .text                                    0x08000148   Section        0  memseta.o(.text)
    .text                                    0x0800016c   Section        0  strlen.o(.text)
    .text                                    0x0800017a   Section        0  fadd.o(.text)
    .text                                    0x0800022a   Section        0  dadd.o(.text)
    .text                                    0x08000378   Section        0  ddiv.o(.text)
    .text                                    0x08000456   Section        0  fflti.o(.text)
    .text                                    0x08000468   Section        0  dfltui.o(.text)
    .text                                    0x08000484   Section       48  cdrcmple.o(.text)
    .text                                    0x080004b4   Section        0  d2f.o(.text)
    .text                                    0x080004ec   Section        0  uidiv.o(.text)
    .text                                    0x08000518   Section        0  uldiv.o(.text)
    .text                                    0x0800057a   Section        0  llshl.o(.text)
    .text                                    0x08000598   Section        0  llsshr.o(.text)
    .text                                    0x080005bc   Section        0  fepilogue.o(.text)
    .text                                    0x080005bc   Section        0  iusefp.o(.text)
    .text                                    0x0800062a   Section        0  depilogue.o(.text)
    .text                                    0x080006e4   Section        0  dmul.o(.text)
    .text                                    0x080007c8   Section        0  dfixul.o(.text)
    .text                                    0x080007f8   Section       36  init.o(.text)
    i.BusFault_Handler                       0x0800081c   Section        0  stm32f1xx_it.o(i.BusFault_Handler)
    i.DWT_Delay_Init                         0x08000820   Section        0  lcd16x2.o(i.DWT_Delay_Init)
    DWT_Delay_Init                           0x08000821   Thumb Code    58  lcd16x2.o(i.DWT_Delay_Init)
    i.DWT_Delay_us                           0x08000864   Section        0  lcd16x2.o(i.DWT_Delay_us)
    DWT_Delay_us                             0x08000865   Thumb Code    34  lcd16x2.o(i.DWT_Delay_us)
    i.DebugMon_Handler                       0x08000890   Section        0  stm32f1xx_it.o(i.DebugMon_Handler)
    i.EXTI15_10_IRQHandler                   0x08000892   Section        0  stm32f1xx_it.o(i.EXTI15_10_IRQHandler)
    i.HAL_Delay                              0x080008b0   Section        0  stm32f1xx_hal.o(i.HAL_Delay)
    i.HAL_GPIO_EXTI_Callback                 0x080008d4   Section        0  main.o(i.HAL_GPIO_EXTI_Callback)
    i.HAL_GPIO_EXTI_IRQHandler               0x080009a0   Section        0  stm32f1xx_hal_gpio.o(i.HAL_GPIO_EXTI_IRQHandler)
    i.HAL_GPIO_Init                          0x080009b8   Section        0  stm32f1xx_hal_gpio.o(i.HAL_GPIO_Init)
    i.HAL_GPIO_ReadPin                       0x08000b78   Section        0  stm32f1xx_hal_gpio.o(i.HAL_GPIO_ReadPin)
    i.HAL_GPIO_WritePin                      0x08000b82   Section        0  stm32f1xx_hal_gpio.o(i.HAL_GPIO_WritePin)
    i.HAL_GetTick                            0x08000b8c   Section        0  stm32f1xx_hal.o(i.HAL_GetTick)
    i.HAL_IncTick                            0x08000b98   Section        0  stm32f1xx_hal.o(i.HAL_IncTick)
    i.HAL_Init                               0x08000ba8   Section        0  stm32f1xx_hal.o(i.HAL_Init)
    i.HAL_InitTick                           0x08000bcc   Section        0  stm32f1xx_hal.o(i.HAL_InitTick)
    i.HAL_MspInit                            0x08000c0c   Section        0  stm32f1xx_hal_msp.o(i.HAL_MspInit)
    i.HAL_NVIC_EnableIRQ                     0x08000c48   Section        0  stm32f1xx_hal_cortex.o(i.HAL_NVIC_EnableIRQ)
    i.HAL_NVIC_SetPriority                   0x08000c64   Section        0  stm32f1xx_hal_cortex.o(i.HAL_NVIC_SetPriority)
    i.HAL_NVIC_SetPriorityGrouping           0x08000ca4   Section        0  stm32f1xx_hal_cortex.o(i.HAL_NVIC_SetPriorityGrouping)
    i.HAL_RCC_ClockConfig                    0x08000cc8   Section        0  stm32f1xx_hal_rcc.o(i.HAL_RCC_ClockConfig)
    i.HAL_RCC_GetHCLKFreq                    0x08000df4   Section        0  stm32f1xx_hal_rcc.o(i.HAL_RCC_GetHCLKFreq)
    i.HAL_RCC_GetSysClockFreq                0x08000e00   Section        0  stm32f1xx_hal_rcc.o(i.HAL_RCC_GetSysClockFreq)
    i.HAL_RCC_OscConfig                      0x08000e6c   Section        0  stm32f1xx_hal_rcc.o(i.HAL_RCC_OscConfig)
    i.HAL_SYSTICK_Config                     0x0800118c   Section        0  stm32f1xx_hal_cortex.o(i.HAL_SYSTICK_Config)
    i.HardFault_Handler                      0x080011b4   Section        0  stm32f1xx_it.o(i.HardFault_Handler)
    i.MX_GPIO_Init                           0x080011b8   Section        0  main.o(i.MX_GPIO_Init)
    MX_GPIO_Init                             0x080011b9   Thumb Code   180  main.o(i.MX_GPIO_Init)
    i.MemManage_Handler                      0x0800127c   Section        0  stm32f1xx_it.o(i.MemManage_Handler)
    i.NMI_Handler                            0x0800127e   Section        0  stm32f1xx_it.o(i.NMI_Handler)
    i.PendSV_Handler                         0x08001280   Section        0  stm32f1xx_it.o(i.PendSV_Handler)
    i.SVC_Handler                            0x08001282   Section        0  stm32f1xx_it.o(i.SVC_Handler)
    i.SysTick_Handler                        0x08001284   Section        0  stm32f1xx_it.o(i.SysTick_Handler)
    i.SystemClock_Config                     0x08001288   Section        0  main.o(i.SystemClock_Config)
    i.SystemInit                             0x080012e6   Section        0  system_stm32f1xx.o(i.SystemInit)
    i.UsageFault_Handler                     0x080012e8   Section        0  stm32f1xx_it.o(i.UsageFault_Handler)
    i.__0vsprintf                            0x080012ec   Section        0  printfa.o(i.__0vsprintf)
    i.__NVIC_SetPriority                     0x08001310   Section        0  stm32f1xx_hal_cortex.o(i.__NVIC_SetPriority)
    __NVIC_SetPriority                       0x08001311   Thumb Code    32  stm32f1xx_hal_cortex.o(i.__NVIC_SetPriority)
    i.__scatterload_copy                     0x08001330   Section       14  handlers.o(i.__scatterload_copy)
    i.__scatterload_null                     0x0800133e   Section        2  handlers.o(i.__scatterload_null)
    i.__scatterload_zeroinit                 0x08001340   Section       14  handlers.o(i.__scatterload_zeroinit)
    i._fp_digits                             0x08001350   Section        0  printfa.o(i._fp_digits)
    _fp_digits                               0x08001351   Thumb Code   366  printfa.o(i._fp_digits)
    i._printf_core                           0x080014d4   Section        0  printfa.o(i._printf_core)
    _printf_core                             0x080014d5   Thumb Code  1704  printfa.o(i._printf_core)
    i._printf_post_padding                   0x08001b88   Section        0  printfa.o(i._printf_post_padding)
    _printf_post_padding                     0x08001b89   Thumb Code    36  printfa.o(i._printf_post_padding)
    i._printf_pre_padding                    0x08001bac   Section        0  printfa.o(i._printf_pre_padding)
    _printf_pre_padding                      0x08001bad   Thumb Code    46  printfa.o(i._printf_pre_padding)
    i._sputc                                 0x08001bda   Section        0  printfa.o(i._sputc)
    _sputc                                   0x08001bdb   Thumb Code    10  printfa.o(i._sputc)
    i.lcd16x2_enablePulse                    0x08001be4   Section        0  lcd16x2.o(i.lcd16x2_enablePulse)
    lcd16x2_enablePulse                      0x08001be5   Thumb Code    40  lcd16x2.o(i.lcd16x2_enablePulse)
    i.lcd16x2_init_4bits                     0x08001c10   Section        0  lcd16x2.o(i.lcd16x2_init_4bits)
    i.lcd16x2_printf                         0x08001ca0   Section        0  lcd16x2.o(i.lcd16x2_printf)
    i.lcd16x2_rs                             0x08001ce0   Section        0  lcd16x2.o(i.lcd16x2_rs)
    lcd16x2_rs                               0x08001ce1   Thumb Code    12  lcd16x2.o(i.lcd16x2_rs)
    i.lcd16x2_setCursor                      0x08001cf0   Section        0  lcd16x2.o(i.lcd16x2_setCursor)
    i.lcd16x2_write                          0x08001d08   Section        0  lcd16x2.o(i.lcd16x2_write)
    lcd16x2_write                            0x08001d09   Thumb Code   212  lcd16x2.o(i.lcd16x2_write)
    i.lcd16x2_write4                         0x08001de0   Section        0  lcd16x2.o(i.lcd16x2_write4)
    lcd16x2_write4                           0x08001de1   Thumb Code    68  lcd16x2.o(i.lcd16x2_write4)
    i.lcd16x2_writeCommand                   0x08001e28   Section        0  lcd16x2.o(i.lcd16x2_writeCommand)
    lcd16x2_writeCommand                     0x08001e29   Thumb Code    20  lcd16x2.o(i.lcd16x2_writeCommand)
    i.main                                   0x08001e3c   Section        0  main.o(i.main)
    i.readAverage                            0x08001f34   Section        0  main.o(i.readAverage)
    i.readCount                              0x08001f68   Section        0  main.o(i.readCount)
    .constdata                               0x08001fdc   Section       16  system_stm32f1xx.o(.constdata)
    .data                                    0x20000000   Section       36  lcd16x2.o(.data)
    is8BitsMode                              0x20000000   Data           1  lcd16x2.o(.data)
    DisplayControl                           0x20000001   Data           1  lcd16x2.o(.data)
    FunctionSet                              0x20000002   Data           1  lcd16x2.o(.data)
    PIN_RS                                   0x20000004   Data           2  lcd16x2.o(.data)
    PIN_E                                    0x20000006   Data           2  lcd16x2.o(.data)
    D0_PIN                                   0x20000008   Data           2  lcd16x2.o(.data)
    D1_PIN                                   0x2000000a   Data           2  lcd16x2.o(.data)
    D2_PIN                                   0x2000000c   Data           2  lcd16x2.o(.data)
    D3_PIN                                   0x2000000e   Data           2  lcd16x2.o(.data)
    D4_PIN                                   0x20000010   Data           2  lcd16x2.o(.data)
    D5_PIN                                   0x20000012   Data           2  lcd16x2.o(.data)
    D6_PIN                                   0x20000014   Data           2  lcd16x2.o(.data)
    D7_PIN                                   0x20000016   Data           2  lcd16x2.o(.data)
    PORT_RS_and_E                            0x20000018   Data           4  lcd16x2.o(.data)
    PORT_LSB                                 0x2000001c   Data           4  lcd16x2.o(.data)
    PORT_MSB                                 0x20000020   Data           4  lcd16x2.o(.data)
    .data                                    0x20000028   Section       40  main.o(.data)
    .data                                    0x20000050   Section       12  stm32f1xx_hal.o(.data)
    .data                                    0x2000005c   Section        4  system_stm32f1xx.o(.data)
    STACK                                    0x20000060   Section     1024  startup_stm32f103x6.o(STACK)

    Global Symbols

    Symbol Name                              Value     Ov Type        Size  Object(Section)

    BuildAttributes$$THM_ISAv4$P$D$K$B$S$PE$A:L22UL41UL21$X:L11$S22US41US21$IEEE1$IW$USESV6$~STKCKD$USESV7$~SHL$OTIME$ROPI$EBA8$MICROLIB$REQ8$PRES8$EABIv2 0x00000000   Number         0  anon$$obj.o ABSOLUTE
    __ARM_use_no_argv                        0x00000000   Number         0  main.o ABSOLUTE
    __arm_fini_                               - Undefined Weak Reference
    __cpp_initialize__aeabi_                  - Undefined Weak Reference
    __cxa_finalize                            - Undefined Weak Reference
    __decompress                              - Undefined Weak Reference
    _clock_init                               - Undefined Weak Reference
    _microlib_exit                            - Undefined Weak Reference
    __Vectors_Size                           0x000000ec   Number         0  startup_stm32f103x6.o ABSOLUTE
    __Vectors                                0x08000000   Data           4  startup_stm32f103x6.o(RESET)
    __Vectors_End                            0x080000ec   Data           0  startup_stm32f103x6.o(RESET)
    __main                                   0x080000ed   Thumb Code     0  entry.o(.ARM.Collect$$$$00000000)
    _main_stk                                0x080000ed   Thumb Code     0  entry2.o(.ARM.Collect$$$$00000001)
    _main_scatterload                        0x080000f1   Thumb Code     0  entry5.o(.ARM.Collect$$$$00000004)
    __main_after_scatterload                 0x080000f5   Thumb Code     0  entry5.o(.ARM.Collect$$$$00000004)
    _main_clock                              0x080000f5   Thumb Code     0  entry7b.o(.ARM.Collect$$$$00000008)
    _main_cpp_init                           0x080000f5   Thumb Code     0  entry8b.o(.ARM.Collect$$$$0000000A)
    _main_init                               0x080000f5   Thumb Code     0  entry9a.o(.ARM.Collect$$$$0000000B)
    __rt_lib_shutdown_fini                   0x080000fd   Thumb Code     0  entry12b.o(.ARM.Collect$$$$0000000E)
    __rt_final_cpp                           0x08000101   Thumb Code     0  entry10a.o(.ARM.Collect$$$$0000000F)
    __rt_final_exit                          0x08000101   Thumb Code     0  entry11a.o(.ARM.Collect$$$$00000011)
    Reset_Handler                            0x08000105   Thumb Code     8  startup_stm32f103x6.o(.text)
    ADC1_2_IRQHandler                        0x0800011f   Thumb Code     0  startup_stm32f103x6.o(.text)
    CAN1_RX1_IRQHandler                      0x0800011f   Thumb Code     0  startup_stm32f103x6.o(.text)
    CAN1_SCE_IRQHandler                      0x0800011f   Thumb Code     0  startup_stm32f103x6.o(.text)
    DMA1_Channel1_IRQHandler                 0x0800011f   Thumb Code     0  startup_stm32f103x6.o(.text)
    DMA1_Channel2_IRQHandler                 0x0800011f   Thumb Code     0  startup_stm32f103x6.o(.text)
    DMA1_Channel3_IRQHandler                 0x0800011f   Thumb Code     0  startup_stm32f103x6.o(.text)
    DMA1_Channel4_IRQHandler                 0x0800011f   Thumb Code     0  startup_stm32f103x6.o(.text)
    DMA1_Channel5_IRQHandler                 0x0800011f   Thumb Code     0  startup_stm32f103x6.o(.text)
    DMA1_Channel6_IRQHandler                 0x0800011f   Thumb Code     0  startup_stm32f103x6.o(.text)
    DMA1_Channel7_IRQHandler                 0x0800011f   Thumb Code     0  startup_stm32f103x6.o(.text)
    EXTI0_IRQHandler                         0x0800011f   Thumb Code     0  startup_stm32f103x6.o(.text)
    EXTI1_IRQHandler                         0x0800011f   Thumb Code     0  startup_stm32f103x6.o(.text)
    EXTI2_IRQHandler                         0x0800011f   Thumb Code     0  startup_stm32f103x6.o(.text)
    EXTI3_IRQHandler                         0x0800011f   Thumb Code     0  startup_stm32f103x6.o(.text)
    EXTI4_IRQHandler                         0x0800011f   Thumb Code     0  startup_stm32f103x6.o(.text)
    EXTI9_5_IRQHandler                       0x0800011f   Thumb Code     0  startup_stm32f103x6.o(.text)
    FLASH_IRQHandler                         0x0800011f   Thumb Code     0  startup_stm32f103x6.o(.text)
    I2C1_ER_IRQHandler                       0x0800011f   Thumb Code     0  startup_stm32f103x6.o(.text)
    I2C1_EV_IRQHandler                       0x0800011f   Thumb Code     0  startup_stm32f103x6.o(.text)
    PVD_IRQHandler                           0x0800011f   Thumb Code     0  startup_stm32f103x6.o(.text)
    RCC_IRQHandler                           0x0800011f   Thumb Code     0  startup_stm32f103x6.o(.text)
    RTC_Alarm_IRQHandler                     0x0800011f   Thumb Code     0  startup_stm32f103x6.o(.text)
    RTC_IRQHandler                           0x0800011f   Thumb Code     0  startup_stm32f103x6.o(.text)
    SPI1_IRQHandler                          0x0800011f   Thumb Code     0  startup_stm32f103x6.o(.text)
    TAMPER_IRQHandler                        0x0800011f   Thumb Code     0  startup_stm32f103x6.o(.text)
    TIM1_BRK_IRQHandler                      0x0800011f   Thumb Code     0  startup_stm32f103x6.o(.text)
    TIM1_CC_IRQHandler                       0x0800011f   Thumb Code     0  startup_stm32f103x6.o(.text)
    TIM1_TRG_COM_IRQHandler                  0x0800011f   Thumb Code     0  startup_stm32f103x6.o(.text)
    TIM1_UP_IRQHandler                       0x0800011f   Thumb Code     0  startup_stm32f103x6.o(.text)
    TIM2_IRQHandler                          0x0800011f   Thumb Code     0  startup_stm32f103x6.o(.text)
    TIM3_IRQHandler                          0x0800011f   Thumb Code     0  startup_stm32f103x6.o(.text)
    USART1_IRQHandler                        0x0800011f   Thumb Code     0  startup_stm32f103x6.o(.text)
    USART2_IRQHandler                        0x0800011f   Thumb Code     0  startup_stm32f103x6.o(.text)
    USBWakeUp_IRQHandler                     0x0800011f   Thumb Code     0  startup_stm32f103x6.o(.text)
    USB_HP_CAN1_TX_IRQHandler                0x0800011f   Thumb Code     0  startup_stm32f103x6.o(.text)
    USB_LP_CAN1_RX0_IRQHandler               0x0800011f   Thumb Code     0  startup_stm32f103x6.o(.text)
    WWDG_IRQHandler                          0x0800011f   Thumb Code     0  startup_stm32f103x6.o(.text)
    __aeabi_llsr                             0x08000129   Thumb Code    32  llushr.o(.text)
    _ll_ushift_r                             0x08000129   Thumb Code     0  llushr.o(.text)
    __aeabi_memset                           0x08000149   Thumb Code    14  memseta.o(.text)
    __aeabi_memset4                          0x08000149   Thumb Code     0  memseta.o(.text)
    __aeabi_memset8                          0x08000149   Thumb Code     0  memseta.o(.text)
    __aeabi_memclr                           0x08000157   Thumb Code     4  memseta.o(.text)
    __aeabi_memclr4                          0x08000157   Thumb Code     0  memseta.o(.text)
    __aeabi_memclr8                          0x08000157   Thumb Code     0  memseta.o(.text)
    _memset$wrapper                          0x0800015b   Thumb Code    18  memseta.o(.text)
    strlen                                   0x0800016d   Thumb Code    14  strlen.o(.text)
    __aeabi_fadd                             0x0800017b   Thumb Code   164  fadd.o(.text)
    __aeabi_fsub                             0x0800021f   Thumb Code     6  fadd.o(.text)
    __aeabi_frsub                            0x08000225   Thumb Code     6  fadd.o(.text)
    __aeabi_dadd                             0x0800022b   Thumb Code   322  dadd.o(.text)
    __aeabi_dsub                             0x0800036d   Thumb Code     6  dadd.o(.text)
    __aeabi_drsub                            0x08000373   Thumb Code     6  dadd.o(.text)
    __aeabi_ddiv                             0x08000379   Thumb Code   222  ddiv.o(.text)
    __aeabi_i2f                              0x08000457   Thumb Code    18  fflti.o(.text)
    __aeabi_ui2d                             0x08000469   Thumb Code    26  dfltui.o(.text)
    __aeabi_cdrcmple                         0x08000485   Thumb Code    48  cdrcmple.o(.text)
    __aeabi_d2f                              0x080004b5   Thumb Code    56  d2f.o(.text)
    __aeabi_uidiv                            0x080004ed   Thumb Code     0  uidiv.o(.text)
    __aeabi_uidivmod                         0x080004ed   Thumb Code    44  uidiv.o(.text)
    __aeabi_uldivmod                         0x08000519   Thumb Code    98  uldiv.o(.text)
    __aeabi_llsl                             0x0800057b   Thumb Code    30  llshl.o(.text)
    _ll_shift_l                              0x0800057b   Thumb Code     0  llshl.o(.text)
    __aeabi_lasr                             0x08000599   Thumb Code    36  llsshr.o(.text)
    _ll_sshift_r                             0x08000599   Thumb Code     0  llsshr.o(.text)
    __I$use$fp                               0x080005bd   Thumb Code     0  iusefp.o(.text)
    _float_round                             0x080005bd   Thumb Code    18  fepilogue.o(.text)
    _float_epilogue                          0x080005cf   Thumb Code    92  fepilogue.o(.text)
    _double_round                            0x0800062b   Thumb Code    30  depilogue.o(.text)
    _double_epilogue                         0x08000649   Thumb Code   156  depilogue.o(.text)
    __aeabi_dmul                             0x080006e5   Thumb Code   228  dmul.o(.text)
    __aeabi_d2ulz                            0x080007c9   Thumb Code    48  dfixul.o(.text)
    __scatterload                            0x080007f9   Thumb Code    28  init.o(.text)
    __scatterload_rt2                        0x080007f9   Thumb Code     0  init.o(.text)
    BusFault_Handler                         0x0800081d   Thumb Code     2  stm32f1xx_it.o(i.BusFault_Handler)
    DebugMon_Handler                         0x08000891   Thumb Code     2  stm32f1xx_it.o(i.DebugMon_Handler)
    EXTI15_10_IRQHandler                     0x08000893   Thumb Code    30  stm32f1xx_it.o(i.EXTI15_10_IRQHandler)
    HAL_Delay                                0x080008b1   Thumb Code    32  stm32f1xx_hal.o(i.HAL_Delay)
    HAL_GPIO_EXTI_Callback                   0x080008d5   Thumb Code   182  main.o(i.HAL_GPIO_EXTI_Callback)
    HAL_GPIO_EXTI_IRQHandler                 0x080009a1   Thumb Code    18  stm32f1xx_hal_gpio.o(i.HAL_GPIO_EXTI_IRQHandler)
    HAL_GPIO_Init                            0x080009b9   Thumb Code   418  stm32f1xx_hal_gpio.o(i.HAL_GPIO_Init)
    HAL_GPIO_ReadPin                         0x08000b79   Thumb Code    10  stm32f1xx_hal_gpio.o(i.HAL_GPIO_ReadPin)
    HAL_GPIO_WritePin                        0x08000b83   Thumb Code    10  stm32f1xx_hal_gpio.o(i.HAL_GPIO_WritePin)
    HAL_GetTick                              0x08000b8d   Thumb Code     6  stm32f1xx_hal.o(i.HAL_GetTick)
    HAL_IncTick                              0x08000b99   Thumb Code    12  stm32f1xx_hal.o(i.HAL_IncTick)
    HAL_Init                                 0x08000ba9   Thumb Code    32  stm32f1xx_hal.o(i.HAL_Init)
    HAL_InitTick                             0x08000bcd   Thumb Code    54  stm32f1xx_hal.o(i.HAL_InitTick)
    HAL_MspInit                              0x08000c0d   Thumb Code    52  stm32f1xx_hal_msp.o(i.HAL_MspInit)
    HAL_NVIC_EnableIRQ                       0x08000c49   Thumb Code    26  stm32f1xx_hal_cortex.o(i.HAL_NVIC_EnableIRQ)
    HAL_NVIC_SetPriority                     0x08000c65   Thumb Code    60  stm32f1xx_hal_cortex.o(i.HAL_NVIC_SetPriority)
    HAL_NVIC_SetPriorityGrouping             0x08000ca5   Thumb Code    26  stm32f1xx_hal_cortex.o(i.HAL_NVIC_SetPriorityGrouping)
    HAL_RCC_ClockConfig                      0x08000cc9   Thumb Code   280  stm32f1xx_hal_rcc.o(i.HAL_RCC_ClockConfig)
    HAL_RCC_GetHCLKFreq                      0x08000df5   Thumb Code     6  stm32f1xx_hal_rcc.o(i.HAL_RCC_GetHCLKFreq)
    HAL_RCC_GetSysClockFreq                  0x08000e01   Thumb Code    74  stm32f1xx_hal_rcc.o(i.HAL_RCC_GetSysClockFreq)
    HAL_RCC_OscConfig                        0x08000e6d   Thumb Code   778  stm32f1xx_hal_rcc.o(i.HAL_RCC_OscConfig)
    HAL_SYSTICK_Config                       0x0800118d   Thumb Code    40  stm32f1xx_hal_cortex.o(i.HAL_SYSTICK_Config)
    HardFault_Handler                        0x080011b5   Thumb Code     2  stm32f1xx_it.o(i.HardFault_Handler)
    MemManage_Handler                        0x0800127d   Thumb Code     2  stm32f1xx_it.o(i.MemManage_Handler)
    NMI_Handler                              0x0800127f   Thumb Code     2  stm32f1xx_it.o(i.NMI_Handler)
    PendSV_Handler                           0x08001281   Thumb Code     2  stm32f1xx_it.o(i.PendSV_Handler)
    SVC_Handler                              0x08001283   Thumb Code     2  stm32f1xx_it.o(i.SVC_Handler)
    SysTick_Handler                          0x08001285   Thumb Code     4  stm32f1xx_it.o(i.SysTick_Handler)
    SystemClock_Config                       0x08001289   Thumb Code    94  main.o(i.SystemClock_Config)
    SystemInit                               0x080012e7   Thumb Code     2  system_stm32f1xx.o(i.SystemInit)
    UsageFault_Handler                       0x080012e9   Thumb Code     2  stm32f1xx_it.o(i.UsageFault_Handler)
    __0vsprintf                              0x080012ed   Thumb Code    30  printfa.o(i.__0vsprintf)
    __1vsprintf                              0x080012ed   Thumb Code     0  printfa.o(i.__0vsprintf)
    __2vsprintf                              0x080012ed   Thumb Code     0  printfa.o(i.__0vsprintf)
    __c89vsprintf                            0x080012ed   Thumb Code     0  printfa.o(i.__0vsprintf)
    vsprintf                                 0x080012ed   Thumb Code     0  printfa.o(i.__0vsprintf)
    __scatterload_copy                       0x08001331   Thumb Code    14  handlers.o(i.__scatterload_copy)
    __scatterload_null                       0x0800133f   Thumb Code     2  handlers.o(i.__scatterload_null)
    __scatterload_zeroinit                   0x08001341   Thumb Code    14  handlers.o(i.__scatterload_zeroinit)
    lcd16x2_init_4bits                       0x08001c11   Thumb Code   138  lcd16x2.o(i.lcd16x2_init_4bits)
    lcd16x2_printf                           0x08001ca1   Thumb Code    62  lcd16x2.o(i.lcd16x2_printf)
    lcd16x2_setCursor                        0x08001cf1   Thumb Code    22  lcd16x2.o(i.lcd16x2_setCursor)
    main                                     0x08001e3d   Thumb Code   210  main.o(i.main)
    readAverage                              0x08001f35   Thumb Code    46  main.o(i.readAverage)
    readCount                                0x08001f69   Thumb Code   110  main.o(i.readCount)
    AHBPrescTable                            0x08001fdc   Data          16  system_stm32f1xx.o(.constdata)
    Region$$Table$$Base                      0x08001fec   Number         0  anon$$obj.o(Region$$Table)
    Region$$Table$$Limit                     0x0800200c   Number         0  anon$$obj.o(Region$$Table)
    max_value                                0x20000028   Data           2  main.o(.data)
    kp                                       0x20000030   Data           8  main.o(.data)
    read1                                    0x20000038   Data           8  main.o(.data)
    offset                                   0x20000040   Data           8  main.o(.data)
    gram                                     0x20000048   Data           8  main.o(.data)
    uwTickFreq                               0x20000050   Data           1  stm32f1xx_hal.o(.data)
    uwTickPrio                               0x20000054   Data           4  stm32f1xx_hal.o(.data)
    uwTick                                   0x20000058   Data           4  stm32f1xx_hal.o(.data)
    SystemCoreClock                          0x2000005c   Data           4  system_stm32f1xx.o(.data)
    __initial_sp                             0x20000460   Data           0  startup_stm32f103x6.o(STACK)



==============================================================================

Memory Map of the image

  Image Entry point : 0x080000ed

  Load Region LR_IROM1 (Base: 0x08000000, Size: 0x0000206c, Max: 0x00008000, ABSOLUTE)

    Execution Region ER_IROM1 (Exec base: 0x08000000, Load base: 0x08000000, Size: 0x0000200c, Max: 0x00008000, ABSOLUTE)

    Exec Addr    Load Addr    Size         Type   Attr      Idx    E Section Name        Object

    0x08000000   0x08000000   0x000000ec   Data   RO            3    RESET               startup_stm32f103x6.o
    0x080000ec   0x080000ec   0x00000000   Code   RO         1480  * .ARM.Collect$$$$00000000  mc_w.l(entry.o)
    0x080000ec   0x080000ec   0x00000004   Code   RO         1531    .ARM.Collect$$$$00000001  mc_w.l(entry2.o)
    0x080000f0   0x080000f0   0x00000004   Code   RO         1534    .ARM.Collect$$$$00000004  mc_w.l(entry5.o)
    0x080000f4   0x080000f4   0x00000000   Code   RO         1536    .ARM.Collect$$$$00000008  mc_w.l(entry7b.o)
    0x080000f4   0x080000f4   0x00000000   Code   RO         1538    .ARM.Collect$$$$0000000A  mc_w.l(entry8b.o)
    0x080000f4   0x080000f4   0x00000008   Code   RO         1539    .ARM.Collect$$$$0000000B  mc_w.l(entry9a.o)
    0x080000fc   0x080000fc   0x00000004   Code   RO         1546    .ARM.Collect$$$$0000000E  mc_w.l(entry12b.o)
    0x08000100   0x08000100   0x00000000   Code   RO         1541    .ARM.Collect$$$$0000000F  mc_w.l(entry10a.o)
    0x08000100   0x08000100   0x00000000   Code   RO         1543    .ARM.Collect$$$$00000011  mc_w.l(entry11a.o)
    0x08000100   0x08000100   0x00000004   Code   RO         1532    .ARM.Collect$$$$00002712  mc_w.l(entry2.o)
    0x08000104   0x08000104   0x00000024   Code   RO            4    .text               startup_stm32f103x6.o
    0x08000128   0x08000128   0x00000020   Code   RO         1483    .text               mc_w.l(llushr.o)
    0x08000148   0x08000148   0x00000024   Code   RO         1485    .text               mc_w.l(memseta.o)
    0x0800016c   0x0800016c   0x0000000e   Code   RO         1487    .text               mc_w.l(strlen.o)
    0x0800017a   0x0800017a   0x000000b0   Code   RO         1517    .text               mf_w.l(fadd.o)
    0x0800022a   0x0800022a   0x0000014e   Code   RO         1519    .text               mf_w.l(dadd.o)
    0x08000378   0x08000378   0x000000de   Code   RO         1521    .text               mf_w.l(ddiv.o)
    0x08000456   0x08000456   0x00000012   Code   RO         1523    .text               mf_w.l(fflti.o)
    0x08000468   0x08000468   0x0000001a   Code   RO         1525    .text               mf_w.l(dfltui.o)
    0x08000482   0x08000482   0x00000002   PAD
    0x08000484   0x08000484   0x00000030   Code   RO         1527    .text               mf_w.l(cdrcmple.o)
    0x080004b4   0x080004b4   0x00000038   Code   RO         1529    .text               mf_w.l(d2f.o)
    0x080004ec   0x080004ec   0x0000002c   Code   RO         1550    .text               mc_w.l(uidiv.o)
    0x08000518   0x08000518   0x00000062   Code   RO         1552    .text               mc_w.l(uldiv.o)
    0x0800057a   0x0800057a   0x0000001e   Code   RO         1554    .text               mc_w.l(llshl.o)
    0x08000598   0x08000598   0x00000024   Code   RO         1556    .text               mc_w.l(llsshr.o)
    0x080005bc   0x080005bc   0x00000000   Code   RO         1558    .text               mc_w.l(iusefp.o)
    0x080005bc   0x080005bc   0x0000006e   Code   RO         1559    .text               mf_w.l(fepilogue.o)
    0x0800062a   0x0800062a   0x000000ba   Code   RO         1561    .text               mf_w.l(depilogue.o)
    0x080006e4   0x080006e4   0x000000e4   Code   RO         1563    .text               mf_w.l(dmul.o)
    0x080007c8   0x080007c8   0x00000030   Code   RO         1565    .text               mf_w.l(dfixul.o)
    0x080007f8   0x080007f8   0x00000024   Code   RO         1567    .text               mc_w.l(init.o)
    0x0800081c   0x0800081c   0x00000002   Code   RO          303    i.BusFault_Handler  stm32f1xx_it.o
    0x0800081e   0x0800081e   0x00000002   PAD
    0x08000820   0x08000820   0x00000044   Code   RO           13    i.DWT_Delay_Init    lcd16x2.o
    0x08000864   0x08000864   0x0000002c   Code   RO           14    i.DWT_Delay_us      lcd16x2.o
    0x08000890   0x08000890   0x00000002   Code   RO          304    i.DebugMon_Handler  stm32f1xx_it.o
    0x08000892   0x08000892   0x0000001e   Code   RO          305    i.EXTI15_10_IRQHandler  stm32f1xx_it.o
    0x080008b0   0x080008b0   0x00000024   Code   RO          487    i.HAL_Delay         stm32f1xx_hal.o
    0x080008d4   0x080008d4   0x000000cc   Code   RO          242    i.HAL_GPIO_EXTI_Callback  main.o
    0x080009a0   0x080009a0   0x00000018   Code   RO          794    i.HAL_GPIO_EXTI_IRQHandler  stm32f1xx_hal_gpio.o
    0x080009b8   0x080009b8   0x000001c0   Code   RO          795    i.HAL_GPIO_Init     stm32f1xx_hal_gpio.o
    0x08000b78   0x08000b78   0x0000000a   Code   RO          797    i.HAL_GPIO_ReadPin  stm32f1xx_hal_gpio.o
    0x08000b82   0x08000b82   0x0000000a   Code   RO          799    i.HAL_GPIO_WritePin  stm32f1xx_hal_gpio.o
    0x08000b8c   0x08000b8c   0x0000000c   Code   RO          491    i.HAL_GetTick       stm32f1xx_hal.o
    0x08000b98   0x08000b98   0x00000010   Code   RO          497    i.HAL_IncTick       stm32f1xx_hal.o
    0x08000ba8   0x08000ba8   0x00000024   Code   RO          498    i.HAL_Init          stm32f1xx_hal.o
    0x08000bcc   0x08000bcc   0x00000040   Code   RO          499    i.HAL_InitTick      stm32f1xx_hal.o
    0x08000c0c   0x08000c0c   0x0000003c   Code   RO          384    i.HAL_MspInit       stm32f1xx_hal_msp.o
    0x08000c48   0x08000c48   0x0000001a   Code   RO          955    i.HAL_NVIC_EnableIRQ  stm32f1xx_hal_cortex.o
    0x08000c62   0x08000c62   0x00000002   PAD
    0x08000c64   0x08000c64   0x00000040   Code   RO          961    i.HAL_NVIC_SetPriority  stm32f1xx_hal_cortex.o
    0x08000ca4   0x08000ca4   0x00000024   Code   RO          962    i.HAL_NVIC_SetPriorityGrouping  stm32f1xx_hal_cortex.o
    0x08000cc8   0x08000cc8   0x0000012c   Code   RO          655    i.HAL_RCC_ClockConfig  stm32f1xx_hal_rcc.o
    0x08000df4   0x08000df4   0x0000000c   Code   RO          660    i.HAL_RCC_GetHCLKFreq  stm32f1xx_hal_rcc.o
    0x08000e00   0x08000e00   0x0000006c   Code   RO          664    i.HAL_RCC_GetSysClockFreq  stm32f1xx_hal_rcc.o
    0x08000e6c   0x08000e6c   0x00000320   Code   RO          667    i.HAL_RCC_OscConfig  stm32f1xx_hal_rcc.o
    0x0800118c   0x0800118c   0x00000028   Code   RO          966    i.HAL_SYSTICK_Config  stm32f1xx_hal_cortex.o
    0x080011b4   0x080011b4   0x00000002   Code   RO          306    i.HardFault_Handler  stm32f1xx_it.o
    0x080011b6   0x080011b6   0x00000002   PAD
    0x080011b8   0x080011b8   0x000000c4   Code   RO          243    i.MX_GPIO_Init      main.o
    0x0800127c   0x0800127c   0x00000002   Code   RO          307    i.MemManage_Handler  stm32f1xx_it.o
    0x0800127e   0x0800127e   0x00000002   Code   RO          308    i.NMI_Handler       stm32f1xx_it.o
    0x08001280   0x08001280   0x00000002   Code   RO          309    i.PendSV_Handler    stm32f1xx_it.o
    0x08001282   0x08001282   0x00000002   Code   RO          310    i.SVC_Handler       stm32f1xx_it.o
    0x08001284   0x08001284   0x00000004   Code   RO          311    i.SysTick_Handler   stm32f1xx_it.o
    0x08001288   0x08001288   0x0000005e   Code   RO          244    i.SystemClock_Config  main.o
    0x080012e6   0x080012e6   0x00000002   Code   RO         1446    i.SystemInit        system_stm32f1xx.o
    0x080012e8   0x080012e8   0x00000002   Code   RO          312    i.UsageFault_Handler  stm32f1xx_it.o
    0x080012ea   0x080012ea   0x00000002   PAD
    0x080012ec   0x080012ec   0x00000024   Code   RO         1496    i.__0vsprintf       mc_w.l(printfa.o)
    0x08001310   0x08001310   0x00000020   Code   RO          968    i.__NVIC_SetPriority  stm32f1xx_hal_cortex.o
    0x08001330   0x08001330   0x0000000e   Code   RO         1573    i.__scatterload_copy  mc_w.l(handlers.o)
    0x0800133e   0x0800133e   0x00000002   Code   RO         1574    i.__scatterload_null  mc_w.l(handlers.o)
    0x08001340   0x08001340   0x0000000e   Code   RO         1575    i.__scatterload_zeroinit  mc_w.l(handlers.o)
    0x0800134e   0x0800134e   0x00000002   PAD
    0x08001350   0x08001350   0x00000184   Code   RO         1497    i._fp_digits        mc_w.l(printfa.o)
    0x080014d4   0x080014d4   0x000006b4   Code   RO         1498    i._printf_core      mc_w.l(printfa.o)
    0x08001b88   0x08001b88   0x00000024   Code   RO         1499    i._printf_post_padding  mc_w.l(printfa.o)
    0x08001bac   0x08001bac   0x0000002e   Code   RO         1500    i._printf_pre_padding  mc_w.l(printfa.o)
    0x08001bda   0x08001bda   0x0000000a   Code   RO         1502    i._sputc            mc_w.l(printfa.o)
    0x08001be4   0x08001be4   0x0000002c   Code   RO           20    i.lcd16x2_enablePulse  lcd16x2.o
    0x08001c10   0x08001c10   0x00000090   Code   RO           21    i.lcd16x2_init_4bits  lcd16x2.o
    0x08001ca0   0x08001ca0   0x0000003e   Code   RO           24    i.lcd16x2_printf    lcd16x2.o
    0x08001cde   0x08001cde   0x00000002   PAD
    0x08001ce0   0x08001ce0   0x00000010   Code   RO           25    i.lcd16x2_rs        lcd16x2.o
    0x08001cf0   0x08001cf0   0x00000016   Code   RO           26    i.lcd16x2_setCursor  lcd16x2.o
    0x08001d06   0x08001d06   0x00000002   PAD
    0x08001d08   0x08001d08   0x000000d8   Code   RO           30    i.lcd16x2_write     lcd16x2.o
    0x08001de0   0x08001de0   0x00000048   Code   RO           31    i.lcd16x2_write4    lcd16x2.o
    0x08001e28   0x08001e28   0x00000014   Code   RO           32    i.lcd16x2_writeCommand  lcd16x2.o
    0x08001e3c   0x08001e3c   0x000000f8   Code   RO          245    i.main              main.o
    0x08001f34   0x08001f34   0x00000034   Code   RO          246    i.readAverage       main.o
    0x08001f68   0x08001f68   0x00000074   Code   RO          247    i.readCount         main.o
    0x08001fdc   0x08001fdc   0x00000010   Data   RO         1447    .constdata          system_stm32f1xx.o
    0x08001fec   0x08001fec   0x00000020   Data   RO         1571    Region$$Table       anon$$obj.o


    Execution Region RW_IRAM1 (Exec base: 0x20000000, Load base: 0x0800200c, Size: 0x00000460, Max: 0x00002800, ABSOLUTE)

    Exec Addr    Load Addr    Size         Type   Attr      Idx    E Section Name        Object

    0x20000000   0x0800200c   0x00000024   Data   RW           33    .data               lcd16x2.o
    0x20000024   0x08002030   0x00000004   PAD
    0x20000028   0x08002034   0x00000028   Data   RW          248    .data               main.o
    0x20000050   0x0800205c   0x0000000c   Data   RW          505    .data               stm32f1xx_hal.o
    0x2000005c   0x08002068   0x00000004   Data   RW         1449    .data               system_stm32f1xx.o
    0x20000060        -       0x00000400   Zero   RW            1    STACK               startup_stm32f103x6.o


==============================================================================

Image component sizes


      Code (inc. data)   RO Data    RW Data    ZI Data      Debug   Object Name

       708         42          0         36          0     379434   lcd16x2.o
       910         88          0         40          0       4492   main.o
        36          8        236          0       1024        804   startup_stm32f103x6.o
       164         28          0         12          0       5581   stm32f1xx_hal.o
       198         14          0          0          0      28959   stm32f1xx_hal_cortex.o
       492         36          0          0          0       4114   stm32f1xx_hal_gpio.o
        60          8          0          0          0        874   stm32f1xx_hal_msp.o
      1220         82          0          0          0       4530   stm32f1xx_hal_rcc.o
        50          0          0          0          0       4393   stm32f1xx_it.o
         2          0         16          4          0       1127   system_stm32f1xx.o

    ----------------------------------------------------------------------
      3852        306        284         96       1024     434308   Object Totals
         0          0         32          0          0          0   (incl. Generated)
        12          0          0          4          0          0   (incl. Padding)

    ----------------------------------------------------------------------

      Code (inc. data)   RO Data    RW Data    ZI Data      Debug   Library Member Name

         0          0          0          0          0          0   entry.o
         0          0          0          0          0          0   entry10a.o
         0          0          0          0          0          0   entry11a.o
         4          0          0          0          0          0   entry12b.o
         8          4          0          0          0          0   entry2.o
         4          0          0          0          0          0   entry5.o
         0          0          0          0          0          0   entry7b.o
         0          0          0          0          0          0   entry8b.o
         8          4          0          0          0          0   entry9a.o
        30          0          0          0          0          0   handlers.o
        36          8          0          0          0         68   init.o
         0          0          0          0          0          0   iusefp.o
        30          0          0          0          0         68   llshl.o
        36          0          0          0          0         68   llsshr.o
        32          0          0          0          0         68   llushr.o
        36          0          0          0          0        108   memseta.o
      2232         86          0          0          0        528   printfa.o
        14          0          0          0          0         68   strlen.o
        44          0          0          0          0         80   uidiv.o
        98          0          0          0          0         92   uldiv.o
        48          0          0          0          0         68   cdrcmple.o
        56          0          0          0          0         88   d2f.o
       334          0          0          0          0        148   dadd.o
       222          0          0          0          0        100   ddiv.o
       186          0          0          0          0        176   depilogue.o
        48          0          0          0          0         68   dfixul.o
        26          0          0          0          0         76   dfltui.o
       228          0          0          0          0         96   dmul.o
       176          0          0          0          0        140   fadd.o
       110          0          0          0          0        168   fepilogue.o
        18          0          0          0          0         68   fflti.o

    ----------------------------------------------------------------------
      4068        102          0          0          0       2344   Library Totals
         4          0          0          0          0          0   (incl. Padding)

    ----------------------------------------------------------------------

      Code (inc. data)   RO Data    RW Data    ZI Data      Debug   Library Name

      2612        102          0          0          0       1148   mc_w.l
      1452          0          0          0          0       1196   mf_w.l

    ----------------------------------------------------------------------
      4068        102          0          0          0       2344   Library Totals

    ----------------------------------------------------------------------

==============================================================================


      Code (inc. data)   RO Data    RW Data    ZI Data      Debug   

      7920        408        284         96       1024     433424   Grand Totals
      7920        408        284         96       1024     433424   ELF Image Totals
      7920        408        284         96          0          0   ROM Totals

==============================================================================

    Total RO  Size (Code + RO Data)                 8204 (   8.01kB)
    Total RW  Size (RW Data + ZI Data)              1120 (   1.09kB)
    Total ROM Size (Code + RO Data + RW Data)       8300 (   8.11kB)

==============================================================================

